[Licensing::Module] Trying to connect to existing licensing client channel...
Built from '6000.3/staging' branch; Version is '6000.3.15f1 (c1aa84e375f6) revision 12692100'; Using compiler version '194234433'; Build Type 'Release'
[Licensing::IpcConnector] Successfully connected to: "LicenseClient-Admin" at "2026-06-08T11:19:01.8838051Z"
OS: 'Windows 10  (10.0.19042) 64bit Core' Language: 'ko' Physical Memory: 32600 MB
BatchMode: 1, IsHumanControllingUs: 0, StartBugReporterOnCrash: 0, Is64bit: 1
System  architecture: x64
Process architecture: x64
Date: 2026-06-08T11:19:01Z

COMMAND LINE ARGUMENTS:
C:\Program Files\Unity\Hub\Editor\6000.3.15f1\Editor\Unity.exe
-adb2
-batchMode
-noUpm
-name
AssetImportWorker4
-projectPath
C:/Users/Administrator/Desktop/Game-Engine
-logFile
Logs/AssetImportWorker4.log
-srvPort
60218
-licensingIpc
LicenseClient-Admin
-job-worker-count
5
-background-job-worker-count
8
-gc-helper-count
1
-name
AssetImport
Successfully changed project path to: C:/Users/Administrator/Desktop/Game-Engine
C:/Users/Administrator/Desktop/Game-Engine
[UnityMemory] Configuration Parameters - Can be set up in boot.config
    "memorysetup-temp-allocator-size-nav-mesh-worker=65536"
    "memorysetup-temp-allocator-size-audio-worker=65536"
    "memorysetup-temp-allocator-size-gfx=262144"
    "memorysetup-allocator-temp-initial-block-size-main=262144"
    "memorysetup-allocator-temp-initial-block-size-worker=262144"
    "memorysetup-temp-allocator-size-background-worker=32768"
    "memorysetup-temp-allocator-size-job-worker=262144"
    "memorysetup-temp-allocator-size-preload-manager=33554432"
    "memorysetup-temp-allocator-size-gi-baking-worker=262144"
    "memorysetup-temp-allocator-size-gi-baking-worker=262144"
    "memorysetup-temp-allocator-size-gi-baking-worker=262144"
    "memorysetup-temp-allocator-size-gi-baking-worker=262144"
    "memorysetup-temp-allocator-size-gi-baking-worker=262144"
    "memorysetup-bucket-allocator-granularity=16"
    "memorysetup-bucket-allocator-bucket-count=8"
    "memorysetup-bucket-allocator-block-size=33554432"
    "memorysetup-bucket-allocator-block-count=8"
    "memorysetup-main-allocator-block-size=16777216"
    "memorysetup-thread-allocator-block-size=16777216"
    "memorysetup-gfx-main-allocator-block-size=16777216"
    "memorysetup-gfx-thread-allocator-block-size=16777216"
    "memorysetup-cache-allocator-block-size=4194304"
    "memorysetup-typetree-allocator-block-size=2097152"
    "memorysetup-profiler-bucket-allocator-granularity=16"
    "memorysetup-profiler-bucket-allocator-bucket-count=8"
    "memorysetup-profiler-bucket-allocator-block-size=33554432"
    "memorysetup-profiler-bucket-allocator-block-count=8"
    "memorysetup-profiler-allocator-block-size=16777216"
    "memorysetup-profiler-editor-allocator-block-size=1048576"
    "memorysetup-temp-allocator-size-main=16777216"
    "memorysetup-job-temp-allocator-block-size=2097152"
    "memorysetup-job-temp-allocator-block-size-background=1048576"
    "memorysetup-job-temp-allocator-reduction-small-platforms=262144"
    "memorysetup-temp-allocator-size-cloud-worker=32768"
Player connection [2452]  Target information:

Player connection [2452]  * "[IP] 192.168.75.186 [Port] 0 [Flags] 2 [Guid] 4191467018 [EditorId] 4191467018 [Version] 1048832 [Id] WindowsEditor(7,Admin) [Debug] 1 [PackageName] WindowsEditor [ProjectName] Editor" 

Player connection [2452] Host joined multi-casting on [225.0.0.222:54997]...
Player connection [2452] Host joined alternative multi-casting on [225.0.0.222:34997]...
JobSystem: Creating JobQueue using job-worker-count value 5
Input System module state changed to: Initialized.
[Physics::Module] Initialized fallback backend.
[Physics::Module] Id: 0xdecafbad
Library Redirect Path: Library/
[Physics::Module] Selected backend.
[Physics::Module] Name: PhysX
[Physics::Module] Id: 0xf2b8ea05
[Physics::Module] SDK Version: 4.1.2
[Physics::Module] Integration Version: 1.0.0
[Physics::Module] Threading Mode: Multi-Threaded
Refreshing native plugins compatible for Editor in 0.00 ms, found 0 plugins.
Preloading 0 native plugins for Editor in 0.00 ms.
Initialize engine version: 6000.3.15f1 (c1aa84e375f6)
[Subsystems] Discovering subsystems at path C:/Program Files/Unity/Hub/Editor/6000.3.15f1/Editor/Data/Resources/UnitySubsystems
[Subsystems] Discovering subsystems at path C:/Users/Administrator/Desktop/Game-Engine/Assets
GfxDevice: creating device client; kGfxThreadingModeNonThreaded
Direct3D:
    Version:  Direct3D 11.0 [level 11.1]
    Renderer: NVIDIA GeForce RTX 4060 (ID=0x2882)
    Vendor:   NVIDIA
    VRAM:     7957 MB
    Driver:   32.0.15.6614
Initialize mono
Mono path[0] = 'C:/Program Files/Unity/Hub/Editor/6000.3.15f1/Editor/Data/Managed'
Mono path[1] = 'C:/Program Files/Unity/Hub/Editor/6000.3.15f1/Editor/Data/MonoBleedingEdge/lib/mono/unityjit-win32'
Mono config path = 'C:/Program Files/Unity/Hub/Editor/6000.3.15f1/Editor/Data/MonoBleedingEdge/etc'
Using monoOptions --debugger-agent=transport=dt_socket,embedding=1,server=y,suspend=n,address=127.0.0.1:56820
Begin MonoManager ReloadAssembly
Registering precompiled unity dll's ...
Register platform support module: C:/Program Files/Unity/Hub/Editor/6000.3.15f1/Editor/Data/PlaybackEngines/WindowsStandaloneSupport/UnityEditor.WindowsStandalone.Extensions.dll
[Licensing::Module] Licensing is not yet initialized.
[Licensing::Client] Error: HandshakeResponse reported an error:
	ResponseCode: 505
	ResponseStatus: Unsupported protocol version '1.18.1'.
[Licensing::Module] Error: Failed to handshake to channel: "LicenseClient-Admin"
[Licensing::IpcConnector] LicenseClient-Admin channel disconnected successfully.
[Licensing::IpcConnector] Successfully connected to: "LicenseClient-Admin-6000.3.15" at "2026-06-08T11:19:02.8546309Z"
[Licensing::Client] Code 10 while verifying Licensing Client signature (process Id: 12692, path: "C:/Program Files/Unity/Hub/Editor/6000.3.15f1/Editor/Data/Resources/Licensing/Client/Unity.Licensing.Client.exe")
[Licensing::Module] LicensingClient has failed validation; ignoring
[Licensing::Client] Handshaking with LicensingClient:
  Version:                 1.18.1+9fbee8e
  Session Id:              70b3e8ac9e8647ab9e418d383ecafe93
  Correlation Id:          e6a91011c7bb34273efafffbc54b7846
  External correlation Id: 3329640502987803055
  Machine Id:              yTEWFmjPiEp4Sbu34Ix7hwDveoU=
[Licensing::Module] Successfully connected to LicensingClient on channel: "LicenseClient-Admin-6000.3.15" (connect: 0.00s, validation: 0.00s, handshake: 0.01s)
[Licensing::IpcConnector] Successfully connected to: "LicenseClient-Admin-6000.3.15-notifications" at "2026-06-08T11:19:02.8607583Z"
[Licensing::Module] Licensing Background thread has ended after 0.98s
[Licensing::Module] Licensing is initialized (took 0.37s).
[Licensing::Client] Successfully resolved entitlement details
[Licensing::Module] License group:
  Id: 14569749871362-UnityPersXXXX
  Product: Unity Personal
  Type: Assigned
  Expiration: Unlimited
Register platform support module: C:/Program Files/Unity/Hub/Editor/6000.3.15f1/Editor/Data/PlaybackEngines/iOSSupport/UnityEditor.iOS.Extensions.dll
Registered in 0.377802 seconds.
- Loaded All Assemblies, in  0.756 seconds
[usbmuxd] Start listen thread
[usbmuxd] Listen thread started
[usbmuxd] Send listen message
Native extension for iOS target not found
Native extension for WindowsStandalone target not found
Package Manager log level set to [2]
[Package Manager] Failed to launch server process. Reason: Unity was launched with the -noUpm command-line argument
[Package Manager] Unable to send message (not connected to server process).
[Package Manager] Cannot connect to Unity Package Manager local server
ScheduleIndexationOnStartup MainProcess:False IndexOnStartup:True
Mono: successfully reloaded assembly
- Finished resetting the current domain, in  0.337 seconds
Domain Reload Profiling: 1091ms
	BeginReloadAssembly (137ms)
		ExecutionOrderSort (0ms)
		DisableScriptedObjects (0ms)
		BackupInstance (0ms)
		ReleaseScriptingObjects (0ms)
		CreateAndSetChildDomain (1ms)
	RebuildCommonClasses (32ms)
	RebuildNativeTypeToScriptingClass (11ms)
	initialDomainReloadingComplete (419ms)
	LoadAllAssembliesAndSetupDomain (154ms)
		LoadAssemblies (135ms)
		RebuildTransferFunctionScriptingTraits (0ms)
		AnalyzeDomain (151ms)
			TypeCache.Refresh (150ms)
				TypeCache.ScanAssembly (137ms)
			BuildScriptInfoCaches (0ms)
			ResolveRequiredComponents (0ms)
	FinalizeReload (338ms)
		ReleaseScriptCaches (0ms)
		RebuildScriptCaches (0ms)
		SetupLoadedEditorAssemblies (308ms)
			LogAssemblyErrors (0ms)
			InitializePlatformSupportModulesInManaged (54ms)
			SetLoadedEditorAssemblies (3ms)
			BeforeProcessingInitializeOnLoad (68ms)
			ProcessInitializeOnLoadAttributes (116ms)
			ProcessInitializeOnLoadMethodAttributes (67ms)
			AfterProcessingInitializeOnLoad (0ms)
			EditorAssembliesLoaded (0ms)
		ExecutionOrderSort2 (0ms)
		AwakeInstancesAfterBackupRestoration (0ms)
========================================================================
Worker process is ready to serve import requests
Import Worker Mode flag is 0x00
Begin MonoManager ReloadAssembly
[Licensing::Client] Successfully resolved entitlement details
- Loaded All Assemblies, in  0.398 seconds
Refreshing native plugins compatible for Editor in 0.00 ms, found 0 plugins.
Native extension for iOS target not found
Native extension for WindowsStandalone target not found
[Package Manager] Failed to launch server process. Reason: Unity was launched with the -noUpm command-line argument
[Package Manager] Unable to send message (not connected to server process).
[Package Manager] Cannot connect to Unity Package Manager local server
ScheduleIndexationOnStartup MainProcess:False IndexOnStartup:True
Mono: successfully reloaded assembly
- Finished resetting the current domain, in  0.320 seconds
Domain Reload Profiling: 715ms
	BeginReloadAssembly (165ms)
		ExecutionOrderSort (0ms)
		DisableScriptedObjects (4ms)
		BackupInstance (0ms)
		ReleaseScriptingObjects (0ms)
		CreateAndSetChildDomain (22ms)
	RebuildCommonClasses (32ms)
	RebuildNativeTypeToScriptingClass (11ms)
	initialDomainReloadingComplete (30ms)
	LoadAllAssembliesAndSetupDomain (157ms)
		LoadAssemblies (224ms)
		RebuildTransferFunctionScriptingTraits (0ms)
		AnalyzeDomain (33ms)
			TypeCache.Refresh (22ms)
				TypeCache.ScanAssembly (15ms)
			BuildScriptInfoCaches (7ms)
			ResolveRequiredComponents (2ms)
	FinalizeReload (320ms)
		ReleaseScriptCaches (0ms)
		RebuildScriptCaches (0ms)
		SetupLoadedEditorAssemblies (232ms)
			LogAssemblyErrors (0ms)
			InitializePlatformSupportModulesInManaged (8ms)
			SetLoadedEditorAssemblies (2ms)
			BeforeProcessingInitializeOnLoad (84ms)
			ProcessInitializeOnLoadAttributes (99ms)
			ProcessInitializeOnLoadMethodAttributes (33ms)
			AfterProcessingInitializeOnLoad (5ms)
			EditorAssembliesLoaded (0ms)
		ExecutionOrderSort2 (0ms)
		AwakeInstancesAfterBackupRestoration (9ms)
Launched and connected shader compiler UnityShaderCompiler.exe after 0.01 seconds
Refreshing native plugins compatible for Editor in 0.00 ms, found 0 plugins.
Preloading 0 native plugins for Editor in 0.00 ms.
Unloading 1 Unused Serialized files (Serialized files now loaded: 0)
Unloading 863 unused Assets / (488.1 KB). Loaded Objects now: 1465.
Memory consumption went from 76.7 MB to 76.2 MB.
Total: 3.801500 ms (FindLiveObjects: 0.098200 ms CreateObjectMapping: 0.032400 ms MarkObjects: 3.286600 ms  DeleteObjects: 0.383200 ms)

========================================================================
Received Import Request.
  Time since last request: 1895811.913878 seconds.
  path: Assets/Class11th (Light)/Scenes/Class11th (Light)/LightingData.asset
  artifactKey: Guid(3763a430ed0c5dc45bb62536420a4578) Importer(815301076,1909f56bfc062723c751e8b465ee728b)
Start importing Assets/Class11th (Light)/Scenes/Class11th (Light)/LightingData.asset using Guid(3763a430ed0c5dc45bb62536420a4578) Importer(815301076,1909f56bfc062723c751e8b465ee728b) (PreviewImporter) -> (artifact id: 'a75f4c165d01e8d823b54170a960d7d9') in 0.0175396 seconds
Number of updated asset objects reloaded before import = 0Number of asset objects unloaded after import = 2

========================================================================
Received Import Request.
  Time since last request: 0.000223 seconds.
  path: Assets/Class11th (Light)/Scenes/Class11th (Light)/ReflectionProbe-0.exr
  artifactKey: Guid(97dd4930dce893c4faa2948b995bf561) Importer(815301076,1909f56bfc062723c751e8b465ee728b)
Start importing Assets/Class11th (Light)/Scenes/Class11th (Light)/ReflectionProbe-0.exr using Guid(97dd4930dce893c4faa2948b995bf561) Importer(815301076,1909f56bfc062723c751e8b465ee728b) (PreviewImporter) -> (artifact id: 'abbafe92a49c1c8d06622f98811ac4ce') in 0.0898954 seconds
Number of updated asset objects reloaded before import = 0Number of asset objects unloaded after import = 1

========================================================================
Received Import Request.
  Time since last request: 36.455423 seconds.
  path: Assets/Class11th (Light)/Scenes/Class11th (Light)/LightingData.asset
  artifactKey: Guid(3763a430ed0c5dc45bb62536420a4578) Importer(815301076,1909f56bfc062723c751e8b465ee728b)
Start importing Assets/Class11th (Light)/Scenes/Class11th (Light)/LightingData.asset using Guid(3763a430ed0c5dc45bb62536420a4578) Importer(815301076,1909f56bfc062723c751e8b465ee728b) (PreviewImporter) -> (artifact id: 'afcad72765d0411478de0f2b60be53ee') in 0.0009697 seconds
Number of updated asset objects reloaded before import = 0Number of asset objects unloaded after import = 2

========================================================================
Received Import Request.
  Time since last request: 0.005678 seconds.
  path: Assets/Class11th (Light)/Scenes/Class11th (Light)/Lightmap-0_comp_dir.png
  artifactKey: Guid(7c2347c60fbe5f44f95130a5fded34c8) Importer(815301076,1909f56bfc062723c751e8b465ee728b)
Start importing Assets/Class11th (Light)/Scenes/Class11th (Light)/Lightmap-0_comp_dir.png using Guid(7c2347c60fbe5f44f95130a5fded34c8) Importer(815301076,1909f56bfc062723c751e8b465ee728b) (PreviewImporter)[Licensing::Client] Successfully resolved entitlement details
 -> (artifact id: '89a15ee9d35be82edbda0a03de7bbda6') in 0.0116098 seconds
Number of updated asset objects reloaded before import = 0Number of asset objects unloaded after import = 2

========================================================================
Received Prepare
Begin MonoManager ReloadAssembly
[Licensing::Client] Successfully resolved entitlement details
- Loaded All Assemblies, in  0.381 seconds
Refreshing native plugins compatible for Editor in 0.00 ms, found 0 plugins.
Native extension for iOS target not found
Native extension for WindowsStandalone target not found
[Package Manager] Failed to launch server process. Reason: Unity was launched with the -noUpm command-line argument
[Package Manager] Unable to send message (not connected to server process).
[Package Manager] Cannot connect to Unity Package Manager local server
ScheduleIndexationOnStartup MainProcess:False IndexOnStartup:True
Mono: successfully reloaded assembly
- Finished resetting the current domain, in  0.347 seconds
Domain Reload Profiling: 726ms
	BeginReloadAssembly (182ms)
		ExecutionOrderSort (0ms)
		DisableScriptedObjects (5ms)
		BackupInstance (0ms)
		ReleaseScriptingObjects (0ms)
		CreateAndSetChildDomain (24ms)
	RebuildCommonClasses (39ms)
	RebuildNativeTypeToScriptingClass (11ms)
	initialDomainReloadingComplete (21ms)
	LoadAllAssembliesAndSetupDomain (125ms)
		LoadAssemblies (208ms)
		RebuildTransferFunctionScriptingTraits (0ms)
		AnalyzeDomain (24ms)
			TypeCache.Refresh (4ms)
				TypeCache.ScanAssembly (0ms)
			BuildScriptInfoCaches (17ms)
			ResolveRequiredComponents (2ms)
	FinalizeReload (348ms)
		ReleaseScriptCaches (0ms)
		RebuildScriptCaches (0ms)
		SetupLoadedEditorAssemblies (240ms)
			LogAssemblyErrors (0ms)
			InitializePlatformSupportModulesInManaged (8ms)
			SetLoadedEditorAssemblies (2ms)
			BeforeProcessingInitializeOnLoad (83ms)
			ProcessInitializeOnLoadAttributes (106ms)
			ProcessInitializeOnLoadMethodAttributes (34ms)
			AfterProcessingInitializeOnLoad (6ms)
			EditorAssembliesLoaded (0ms)
		ExecutionOrderSort2 (0ms)
		AwakeInstancesAfterBackupRestoration (11ms)
Refreshing native plugins compatible for Editor in 0.00 ms, found 0 plugins.
Preloading 0 native plugins for Editor in 0.00 ms.
Unloading 1 Unused Serialized files (Serialized files now loaded: 0)
Unloading 861 unused Assets / (311.2 KB). Loaded Objects now: 1500.
Memory consumption went from 78.2 MB to 77.9 MB.
Total: 5.006600 ms (FindLiveObjects: 0.090200 ms CreateObjectMapping: 0.032000 ms MarkObjects: 4.643100 ms  DeleteObjects: 0.240100 ms)

Prepare: number of updated asset objects reloaded= 0
========================================================================
Received Import Request.
  Time since last request: 789.338948 seconds.
  path: Assets/Class11th (Light)/Scenes/Class11th (Light)/LightingData.asset
  artifactKey: Guid(3763a430ed0c5dc45bb62536420a4578) Importer(815301076,1909f56bfc062723c751e8b465ee728b)
Start importing Assets/Class11th (Light)/Scenes/Class11th (Light)/LightingData.asset using Guid(3763a430ed0c5dc45bb62536420a4578) Importer(815301076,1909f56bfc062723c751e8b465ee728b) (PreviewImporter) -> (artifact id: '2ab0f60e490f80b13dc0e09bed6fc752') in 0.017979 seconds
Number of updated asset objects reloaded before import = 0Number of asset objects unloaded after import = 2

========================================================================
Received Import Request.
  Time since last request: 0.000028 seconds.
  path: Assets/Class11th (Light)/Scenes/Class11th (Light)/Lightmap-0_comp_light.exr
  artifactKey: Guid(4d4f6d9e6c6f96d409718869aa939b85) Importer(815301076,1909f56bfc062723c751e8b465ee728b)
Start importing Assets/Class11th (Light)/Scenes/Class11th (Light)/Lightmap-0_comp_light.exr using Guid(4d4f6d9e6c6f96d409718869aa939b85) Importer(815301076,1909f56bfc062723c751e8b465ee728b) (PreviewImporter) -> (artifact id: '410129f97632fcda71e4e851bbc8a762') in 0.042214 seconds
Number of updated asset objects reloaded before import = 0Number of asset objects unloaded after import = 2

========================================================================
Received Prepare
Begin MonoManager ReloadAssembly
[Licensing::Client] Successfully resolved entitlement details
- Loaded All Assemblies, in  0.374 seconds
Refreshing native plugins compatible for Editor in 0.00 ms, found 0 plugins.
Native extension for iOS target not found
Native extension for WindowsStandalone target not found
[Package Manager] Failed to launch server process. Reason: Unity was launched with the -noUpm command-line argument
[Package Manager] Unable to send message (not connected to server process).
[Package Manager] Cannot connect to Unity Package Manager local server
ScheduleIndexationOnStartup MainProcess:False IndexOnStartup:True
Mono: successfully reloaded assembly
- Finished resetting the current domain, in  0.358 seconds
Domain Reload Profiling: 730ms
	BeginReloadAssembly (173ms)
		ExecutionOrderSort (0ms)
		DisableScriptedObjects (4ms)
		BackupInstance (0ms)
		ReleaseScriptingObjects (0ms)
		CreateAndSetChildDomain (22ms)
	RebuildCommonClasses (35ms)
	RebuildNativeTypeToScriptingClass (12ms)
	initialDomainReloadingComplete (22ms)
	LoadAllAssembliesAndSetupDomain (130ms)
		LoadAssemblies (212ms)
		RebuildTransferFunctionScriptingTraits (0ms)
		AnalyzeDomain (24ms)
			TypeCache.Refresh (4ms)
				TypeCache.ScanAssembly (0ms)
			BuildScriptInfoCaches (17ms)
			ResolveRequiredComponents (2ms)
	FinalizeReload (359ms)
		ReleaseScriptCaches (0ms)
		RebuildScriptCaches (0ms)
		SetupLoadedEditorAssemblies (257ms)
			LogAssemblyErrors (0ms)
			InitializePlatformSupportModulesInManaged (8ms)
			SetLoadedEditorAssemblies (2ms)
			BeforeProcessingInitializeOnLoad (88ms)
			ProcessInitializeOnLoadAttributes (116ms)
			ProcessInitializeOnLoadMethodAttributes (36ms)
			AfterProcessingInitializeOnLoad (6ms)
			EditorAssembliesLoaded (0ms)
		ExecutionOrderSort2 (0ms)
		AwakeInstancesAfterBackupRestoration (11ms)
Refreshing native plugins compatible for Editor in 0.00 ms, found 0 plugins.
Preloading 0 native plugins for Editor in 0.00 ms.
Unloading 1 Unused Serialized files (Serialized files now loaded: 0)
Unloading 861 unused Assets / (279.5 KB). Loaded Objects now: 1502.
Memory consumption went from 78.3 MB to 78.0 MB.
Total: 4.783000 ms (FindLiveObjects: 0.120800 ms CreateObjectMapping: 0.055200 ms MarkObjects: 4.291000 ms  DeleteObjects: 0.314800 ms)

Prepare: number of updated asset objects reloaded= 0
========================================================================
Received Import Request.
  Time since last request: 151.203641 seconds.
  path: Assets/Class11th (Light)/Scenes/Class11th (Light)/LightingData.asset
  artifactKey: Guid(3763a430ed0c5dc45bb62536420a4578) Importer(815301076,1909f56bfc062723c751e8b465ee728b)
Start importing Assets/Class11th (Light)/Scenes/Class11th (Light)/LightingData.asset using Guid(3763a430ed0c5dc45bb62536420a4578) Importer(815301076,1909f56bfc062723c751e8b465ee728b) (PreviewImporter) -> (artifact id: '2ca52082cbace80380438d779205d620') in 0.01845 seconds
Number of updated asset objects reloaded before import = 0Number of asset objects unloaded after import = 2

========================================================================
Received Import Request.
  Time since last request: 0.000014 seconds.
  path: Assets/Class11th (Light)/Scenes/Class11th (Light)/Lightmap-0_comp_light.exr
  artifactKey: Guid(4d4f6d9e6c6f96d409718869aa939b85) Importer(815301076,1909f56bfc062723c751e8b465ee728b)
Start importing Assets/Class11th (Light)/Scenes/Class11th (Light)/Lightmap-0_comp_light.exr using Guid(4d4f6d9e6c6f96d409718869aa939b85) Importer(815301076,1909f56bfc062723c751e8b465ee728b) (PreviewImporter) -> (artifact id: 'dcfc19e11a6cb268614c9e2628ccd8c9') in 0.0328288 seconds
Number of updated asset objects reloaded before import = 0Number of asset objects unloaded after import = 2

========================================================================
Received Import Request.
  Time since last request: 9.367942 seconds.
  path: Assets/Class11th (Light)/Scenes/Class11th (Light)/LightingData.asset
  artifactKey: Guid(3763a430ed0c5dc45bb62536420a4578) Importer(815301076,1909f56bfc062723c751e8b465ee728b)
Start importing Assets/Class11th (Light)/Scenes/Class11th (Light)/LightingData.asset using Guid(3763a430ed0c5dc45bb62536420a4578) Importer(815301076,1909f56bfc062723c751e8b465ee728b) (PreviewImporter) -> (artifact id: '8e6ef8587c9002f31d8cc440bfa6aef0') in 0.0010879 seconds
Number of updated asset objects reloaded before import = 0Number of asset objects unloaded after import = 2

========================================================================
Received Import Request.
  Time since last request: 0.000016 seconds.
  path: Assets/Class11th (Light)/Scenes/Class11th (Light)/Lightmap-0_comp_light.exr
  artifactKey: Guid(4d4f6d9e6c6f96d409718869aa939b85) Importer(815301076,1909f56bfc062723c751e8b465ee728b)
Start importing Assets/Class11th (Light)/Scenes/Class11th (Light)/Lightmap-0_comp_light.exr using Guid(4d4f6d9e6c6f96d409718869aa939b85) Importer(815301076,1909f56bfc062723c751e8b465ee728b) (PreviewImporter) -> (artifact id: 'daf2cd9b9f7f770a2f72bf518df0b50e') in 0.0048918 seconds
Number of updated asset objects reloaded before import = 0Number of asset objects unloaded after import = 2

========================================================================
Received Import Request.
  Time since last request: 134.436805 seconds.
  path: Assets/Class11th (Light)/Scenes/Class11th (Light)/LightingData.asset
  artifactKey: Guid(3763a430ed0c5dc45bb62536420a4578) Importer(815301076,1909f56bfc062723c751e8b465ee728b)
Start importing Assets/Class11th (Light)/Scenes/Class11th (Light)/LightingData.asset using Guid(3763a430ed0c5dc45bb62536420a4578) Importer(815301076,1909f56bfc062723c751e8b465ee728b) (PreviewImporter) -> (artifact id: '82fdd2228604e356fe76d6b81374f1bd') in 0.0014599 seconds
Number of updated asset objects reloaded before import = 0Number of asset objects unloaded after import = 2

========================================================================
Received Import Request.
  Time since last request: 0.002680 seconds.
  path: Assets/Class11th (Light)/Scenes/Class11th (Light)/Lightmap-0_comp_dir.png
  artifactKey: Guid(7c2347c60fbe5f44f95130a5fded34c8) Importer(815301076,1909f56bfc062723c751e8b465ee728b)
Start importing Assets/Class11th (Light)/Scenes/Class11th (Light)/Lightmap-0_comp_dir.png using Guid(7c2347c60fbe5f44f95130a5fded34c8) Importer(815301076,1909f56bfc062723c751e8b465ee728b) (PreviewImporter) -> (artifact id: '8f7d5b5e1459953205a7e766aa621a6d') in 0.0065443 seconds
Number of updated asset objects reloaded before import = 0Number of asset objects unloaded after import = 2

========================================================================
Received Import Request.
  Time since last request: 6.685660 seconds.
  path: Assets/Class11th (Light)/Scenes/Class11th (Light)/LightingData.asset
  artifactKey: Guid(3763a430ed0c5dc45bb62536420a4578) Importer(815301076,1909f56bfc062723c751e8b465ee728b)
Start importing Assets/Class11th (Light)/Scenes/Class11th (Light)/LightingData.asset using Guid(3763a430ed0c5dc45bb62536420a4578) Importer(815301076,1909f56bfc062723c751e8b465ee728b) (PreviewImporter) -> (artifact id: 'ee746cac580bb4d13c4189cb85bad1e6') in 0.0012544 seconds
Number of updated asset objects reloaded before import = 0Number of asset objects unloaded after import = 2

========================================================================
Received Import Request.
  Time since last request: 0.000073 seconds.
  path: Assets/Class11th (Light)/Scenes/Class11th (Light)/Lightmap-0_comp_light.exr
  artifactKey: Guid(4d4f6d9e6c6f96d409718869aa939b85) Importer(815301076,1909f56bfc062723c751e8b465ee728b)
Start importing Assets/Class11th (Light)/Scenes/Class11th (Light)/Lightmap-0_comp_light.exr using Guid(4d4f6d9e6c6f96d409718869aa939b85) Importer(815301076,1909f56bfc062723c751e8b465ee728b) (PreviewImporter) -> (artifact id: '207da586323aeddbacce6c3c25ec3d07') in 0.0057975 seconds
Number of updated asset objects reloaded before import = 0Number of asset objects unloaded after import = 2

========================================================================
Received Import Request.
  Time since last request: 250.583154 seconds.
  path: Assets/Class11th (Light)/Scenes/Class11th (Light)/LightingData.asset
  artifactKey: Guid(3763a430ed0c5dc45bb62536420a4578) Importer(815301076,1909f56bfc062723c751e8b465ee728b)
Start importing Assets/Class11th (Light)/Scenes/Class11th (Light)/LightingData.asset using Guid(3763a430ed0c5dc45bb62536420a4578) Importer(815301076,1909f56bfc062723c751e8b465ee728b) (PreviewImporter) -> (artifact id: 'fecded5df30efec78c164eafaeb78aff') in 0.0013441 seconds
Number of updated asset objects reloaded before import = 0Number of asset objects unloaded after import = 2

========================================================================
Received Import Request.
  Time since last request: 0.000069 seconds.
  path: Assets/Class11th (Light)/Scenes/Class11th (Light)/Lightmap-0_comp_light.exr
  artifactKey: Guid(4d4f6d9e6c6f96d409718869aa939b85) Importer(815301076,1909f56bfc062723c751e8b465ee728b)
Start importing Assets/Class11th (Light)/Scenes/Class11th (Light)/Lightmap-0_comp_light.exr using Guid(4d4f6d9e6c6f96d409718869aa939b85) Importer(815301076,1909f56bfc062723c751e8b465ee728b) (PreviewImporter) -> (artifact id: '647165eefb26c1f6ae5dca0b9127a47a') in 0.0044265 seconds
Number of updated asset objects reloaded before import = 0Number of asset objects unloaded after import = 2

========================================================================
Received Import Request.
  Time since last request: 22.452572 seconds.
  path: Assets/Class11th (Light)/Scenes/Class11th (Light)/LightingData.asset
  artifactKey: Guid(3763a430ed0c5dc45bb62536420a4578) Importer(815301076,1909f56bfc062723c751e8b465ee728b)
Start importing Assets/Class11th (Light)/Scenes/Class11th (Light)/LightingData.asset using Guid(3763a430ed0c5dc45bb62536420a4578) Importer(815301076,1909f56bfc062723c751e8b465ee728b) (PreviewImporter) -> (artifact id: 'e1a4a03a3330faf231b3bb7f53a2fdcb') in 0.0012786 seconds
Number of updated asset objects reloaded before import = 0Number of asset objects unloaded after import = 2

========================================================================
Received Import Request.
  Time since last request: 0.000018 seconds.
  path: Assets/Class11th (Light)/Scenes/Class11th (Light)/Lightmap-0_comp_light.exr
  artifactKey: Guid(4d4f6d9e6c6f96d409718869aa939b85) Importer(815301076,1909f56bfc062723c751e8b465ee728b)
Start importing Assets/Class11th (Light)/Scenes/Class11th (Light)/Lightmap-0_comp_light.exr using Guid(4d4f6d9e6c6f96d409718869aa939b85) Importer(815301076,1909f56bfc062723c751e8b465ee728b) (PreviewImporter) -> (artifact id: 'eef4d2d3c6259d783dd0fe004c0dbc23') in 0.0047798 seconds
Number of updated asset objects reloaded before import = 0Number of asset objects unloaded after import = 2

========================================================================
Received Import Request.
  Time since last request: 14.676722 seconds.
  path: Assets/Class11th (Light)/Scenes/Class11th (Light)/LightingData.asset
  artifactKey: Guid(3763a430ed0c5dc45bb62536420a4578) Importer(815301076,1909f56bfc062723c751e8b465ee728b)
Start importing Assets/Class11th (Light)/Scenes/Class11th (Light)/LightingData.asset using Guid(3763a430ed0c5dc45bb62536420a4578) Importer(815301076,1909f56bfc062723c751e8b465ee728b) (PreviewImporter) -> (artifact id: '8df01787f0fd77096c0a0bf52b357a80') in 0.0010945 seconds
Number of updated asset objects reloaded before import = 0Number of asset objects unloaded after import = 2

========================================================================
Received Import Request.
  Time since last request: 0.000022 seconds.
  path: Assets/Class11th (Light)/Scenes/Class11th (Light)/Lightmap-0_comp_light.exr
  artifactKey: Guid(4d4f6d9e6c6f96d409718869aa939b85) Importer(815301076,1909f56bfc062723c751e8b465ee728b)
Start importing Assets/Class11th (Light)/Scenes/Class11th (Light)/Lightmap-0_comp_light.exr using Guid(4d4f6d9e6c6f96d409718869aa939b85) Importer(815301076,1909f56bfc062723c751e8b465ee728b) (PreviewImporter) -> (artifact id: 'ba338cd5499ae6e8255c8a0546f6ad44') in 0.00382 seconds
Number of updated asset objects reloaded before import = 0Number of asset objects unloaded after import = 2

