[Licensing::Module] Trying to connect to existing licensing client channel...
Built from '6000.3/staging' branch; Version is '6000.3.15f1 (c1aa84e375f6) revision 12692100'; Using compiler version '194234433'; Build Type 'Release'
[Licensing::IpcConnector] Successfully connected to: "LicenseClient-Admin" at "2026-05-27T12:13:09.1610598Z"
OS: 'Windows 10  (10.0.19042) 64bit Core' Language: 'ko' Physical Memory: 32600 MB
BatchMode: 1, IsHumanControllingUs: 0, StartBugReporterOnCrash: 0, Is64bit: 1
System  architecture: x64
Process architecture: x64
Date: 2026-05-27T12:13:09Z

COMMAND LINE ARGUMENTS:
C:\Program Files\Unity\Hub\Editor\6000.3.15f1\Editor\Unity.exe
-adb2
-batchMode
-noUpm
-name
AssetImportWorker5
-projectPath
C:/Users/Administrator/Desktop/Game-Engine
-logFile
Logs/AssetImportWorker5.log
-srvPort
54512
-licensingIpc
LicenseClient-Admin
-job-worker-count
5
-background-job-worker-count
8
-gc-helper-count
1
-name
AssetImport
Successfully changed project path to: C:/Users/Administrator/Desktop/Game-Engine
C:/Users/Administrator/Desktop/Game-Engine
[UnityMemory] Configuration Parameters - Can be set up in boot.config
    "memorysetup-temp-allocator-size-nav-mesh-worker=65536"
    "memorysetup-temp-allocator-size-audio-worker=65536"
    "memorysetup-temp-allocator-size-gfx=262144"
    "memorysetup-allocator-temp-initial-block-size-main=262144"
    "memorysetup-allocator-temp-initial-block-size-worker=262144"
    "memorysetup-temp-allocator-size-background-worker=32768"
    "memorysetup-temp-allocator-size-job-worker=262144"
    "memorysetup-temp-allocator-size-preload-manager=33554432"
    "memorysetup-temp-allocator-size-gi-baking-worker=262144"
    "memorysetup-temp-allocator-size-gi-baking-worker=262144"
    "memorysetup-temp-allocator-size-gi-baking-worker=262144"
    "memorysetup-temp-allocator-size-gi-baking-worker=262144"
    "memorysetup-temp-allocator-size-gi-baking-worker=262144"
    "memorysetup-bucket-allocator-granularity=16"
    "memorysetup-bucket-allocator-bucket-count=8"
    "memorysetup-bucket-allocator-block-size=33554432"
    "memorysetup-bucket-allocator-block-count=8"
    "memorysetup-main-allocator-block-size=16777216"
    "memorysetup-thread-allocator-block-size=16777216"
    "memorysetup-gfx-main-allocator-block-size=16777216"
    "memorysetup-gfx-thread-allocator-block-size=16777216"
    "memorysetup-cache-allocator-block-size=4194304"
    "memorysetup-typetree-allocator-block-size=2097152"
    "memorysetup-profiler-bucket-allocator-granularity=16"
    "memorysetup-profiler-bucket-allocator-bucket-count=8"
    "memorysetup-profiler-bucket-allocator-block-size=33554432"
    "memorysetup-profiler-bucket-allocator-block-count=8"
    "memorysetup-profiler-allocator-block-size=16777216"
    "memorysetup-profiler-editor-allocator-block-size=1048576"
    "memorysetup-temp-allocator-size-main=16777216"
    "memorysetup-job-temp-allocator-block-size=2097152"
    "memorysetup-job-temp-allocator-block-size-background=1048576"
    "memorysetup-job-temp-allocator-reduction-small-platforms=262144"
    "memorysetup-temp-allocator-size-cloud-worker=32768"
Player connection [18172]  Target information:

Player connection [18172]  * "[IP] 192.168.75.186 [Port] 0 [Flags] 2 [Guid] 1779592601 [EditorId] 1779592601 [Version] 1048832 [Id] WindowsEditor(7,Admin) [Debug] 1 [PackageName] WindowsEditor [ProjectName] Editor" 

Player connection [18172] Host joined multi-casting on [225.0.0.222:54997]...
Player connection [18172] Host joined alternative multi-casting on [225.0.0.222:34997]...
JobSystem: Creating JobQueue using job-worker-count value 5
Input System module state changed to: Initialized.
[Physics::Module] Initialized fallback backend.
[Physics::Module] Id: 0xdecafbad
Library Redirect Path: Library/
[Physics::Module] Selected backend.
[Physics::Module] Name: PhysX
[Physics::Module] Id: 0xf2b8ea05
[Physics::Module] SDK Version: 4.1.2
[Physics::Module] Integration Version: 1.0.0
[Physics::Module] Threading Mode: Multi-Threaded
Refreshing native plugins compatible for Editor in 0.00 ms, found 0 plugins.
Preloading 0 native plugins for Editor in 0.00 ms.
Initialize engine version: 6000.3.15f1 (c1aa84e375f6)
[Subsystems] Discovering subsystems at path C:/Program Files/Unity/Hub/Editor/6000.3.15f1/Editor/Data/Resources/UnitySubsystems
[Subsystems] Discovering subsystems at path C:/Users/Administrator/Desktop/Game-Engine/Assets
GfxDevice: creating device client; kGfxThreadingModeNonThreaded
Direct3D:
    Version:  Direct3D 11.0 [level 11.1]
    Renderer: NVIDIA GeForce RTX 4060 (ID=0x2882)
    Vendor:   NVIDIA
    VRAM:     7957 MB
    Driver:   32.0.15.6614
Initialize mono
Mono path[0] = 'C:/Program Files/Unity/Hub/Editor/6000.3.15f1/Editor/Data/Managed'
Mono path[1] = 'C:/Program Files/Unity/Hub/Editor/6000.3.15f1/Editor/Data/MonoBleedingEdge/lib/mono/unityjit-win32'
Mono config path = 'C:/Program Files/Unity/Hub/Editor/6000.3.15f1/Editor/Data/MonoBleedingEdge/etc'
Using monoOptions --debugger-agent=transport=dt_socket,embedding=1,server=y,suspend=n,address=127.0.0.1:56336
Begin MonoManager ReloadAssembly
Registering precompiled unity dll's ...
Register platform support module: C:/Program Files/Unity/Hub/Editor/6000.3.15f1/Editor/Data/PlaybackEngines/WindowsStandaloneSupport/UnityEditor.WindowsStandalone.Extensions.dll
[Licensing::Module] Licensing is not yet initialized.
[Licensing::Client] Error: HandshakeResponse reported an error:
	ResponseCode: 505
	ResponseStatus: Unsupported protocol version '1.18.1'.
[Licensing::Module] Error: Failed to handshake to channel: "LicenseClient-Admin"
[Licensing::IpcConnector] LicenseClient-Admin channel disconnected successfully.
[Licensing::IpcConnector] Successfully connected to: "LicenseClient-Admin-6000.3.15" at "2026-05-27T12:13:10.1783069Z"
[Licensing::Client] Code 10 while verifying Licensing Client signature (process Id: 15416, path: "C:/Program Files/Unity/Hub/Editor/6000.3.15f1/Editor/Data/Resources/Licensing/Client/Unity.Licensing.Client.exe")
[Licensing::Module] LicensingClient has failed validation; ignoring
[Licensing::Client] Handshaking with LicensingClient:
  Version:                 1.18.1+9fbee8e
  Session Id:              2bdc919e06f44fe29617ca9270e7570c
  Correlation Id:          42b70c3d23e4f5d64c4d067ea9679b82
  External correlation Id: 6726809175029824607
  Machine Id:              yTEWFmjPiEp4Sbu34Ix7hwDveoU=
[Licensing::Module] Successfully connected to LicensingClient on channel: "LicenseClient-Admin-6000.3.15" (connect: 0.00s, validation: 0.00s, handshake: 0.01s)
[Licensing::IpcConnector] Successfully connected to: "LicenseClient-Admin-6000.3.15-notifications" at "2026-05-27T12:13:10.1845392Z"
[Licensing::Module] Licensing Background thread has ended after 1.02s
[Licensing::Module] Licensing is initialized (took 0.35s).
[Licensing::Client] Successfully resolved entitlement details
[Licensing::Module] License group:
  Id: 14569749871362-UnityPersXXXX
  Product: Unity Personal
  Type: Assigned
  Expiration: Unlimited
Register platform support module: C:/Program Files/Unity/Hub/Editor/6000.3.15f1/Editor/Data/PlaybackEngines/iOSSupport/UnityEditor.iOS.Extensions.dll
Registered in 0.353590 seconds.
- Loaded All Assemblies, in  0.759 seconds
[usbmuxd] Start listen thread
[usbmuxd] Listen thread started
[usbmuxd] Send listen message
Native extension for iOS target not found
Native extension for WindowsStandalone target not found
Package Manager log level set to [2]
[Package Manager] Failed to launch server process. Reason: Unity was launched with the -noUpm command-line argument
[Package Manager] Unable to send message (not connected to server process).
[Package Manager] Cannot connect to Unity Package Manager local server
ScheduleIndexationOnStartup MainProcess:False IndexOnStartup:True
Mono: successfully reloaded assembly
- Finished resetting the current domain, in  0.340 seconds
Domain Reload Profiling: 1097ms
	BeginReloadAssembly (150ms)
		ExecutionOrderSort (0ms)
		DisableScriptedObjects (0ms)
		BackupInstance (0ms)
		ReleaseScriptingObjects (0ms)
		CreateAndSetChildDomain (1ms)
	RebuildCommonClasses (37ms)
	RebuildNativeTypeToScriptingClass (14ms)
	initialDomainReloadingComplete (395ms)
	LoadAllAssembliesAndSetupDomain (160ms)
		LoadAssemblies (147ms)
		RebuildTransferFunctionScriptingTraits (0ms)
		AnalyzeDomain (157ms)
			TypeCache.Refresh (156ms)
				TypeCache.ScanAssembly (143ms)
			BuildScriptInfoCaches (0ms)
			ResolveRequiredComponents (0ms)
	FinalizeReload (341ms)
		ReleaseScriptCaches (0ms)
		RebuildScriptCaches (0ms)
		SetupLoadedEditorAssemblies (310ms)
			LogAssemblyErrors (0ms)
			InitializePlatformSupportModulesInManaged (54ms)
			SetLoadedEditorAssemblies (4ms)
			BeforeProcessingInitializeOnLoad (68ms)
			ProcessInitializeOnLoadAttributes (118ms)
			ProcessInitializeOnLoadMethodAttributes (67ms)
			AfterProcessingInitializeOnLoad (0ms)
			EditorAssembliesLoaded (0ms)
		ExecutionOrderSort2 (0ms)
		AwakeInstancesAfterBackupRestoration (0ms)
========================================================================
Worker process is ready to serve import requests
Import Worker Mode flag is 0x00
Begin MonoManager ReloadAssembly
[Licensing::Client] Successfully resolved entitlement details
- Loaded All Assemblies, in  0.379 seconds
Refreshing native plugins compatible for Editor in 0.00 ms, found 0 plugins.
Native extension for iOS target not found
Native extension for WindowsStandalone target not found
[Package Manager] Failed to launch server process. Reason: Unity was launched with the -noUpm command-line argument
[Package Manager] Unable to send message (not connected to server process).
[Package Manager] Cannot connect to Unity Package Manager local server
ScheduleIndexationOnStartup MainProcess:False IndexOnStartup:True
Mono: successfully reloaded assembly
- Finished resetting the current domain, in  0.319 seconds
Domain Reload Profiling: 695ms
	BeginReloadAssembly (169ms)
		ExecutionOrderSort (0ms)
		DisableScriptedObjects (5ms)
		BackupInstance (0ms)
		ReleaseScriptingObjects (0ms)
		CreateAndSetChildDomain (22ms)
	RebuildCommonClasses (34ms)
	RebuildNativeTypeToScriptingClass (11ms)
	initialDomainReloadingComplete (31ms)
	LoadAllAssembliesAndSetupDomain (131ms)
		LoadAssemblies (203ms)
		RebuildTransferFunctionScriptingTraits (0ms)
		AnalyzeDomain (33ms)
			TypeCache.Refresh (22ms)
				TypeCache.ScanAssembly (15ms)
			BuildScriptInfoCaches (7ms)
			ResolveRequiredComponents (2ms)
	FinalizeReload (319ms)
		ReleaseScriptCaches (0ms)
		RebuildScriptCaches (0ms)
		SetupLoadedEditorAssemblies (233ms)
			LogAssemblyErrors (0ms)
			InitializePlatformSupportModulesInManaged (8ms)
			SetLoadedEditorAssemblies (2ms)
			BeforeProcessingInitializeOnLoad (82ms)
			ProcessInitializeOnLoadAttributes (100ms)
			ProcessInitializeOnLoadMethodAttributes (35ms)
			AfterProcessingInitializeOnLoad (6ms)
			EditorAssembliesLoaded (0ms)
		ExecutionOrderSort2 (0ms)
		AwakeInstancesAfterBackupRestoration (9ms)
Launched and connected shader compiler UnityShaderCompiler.exe after 0.01 seconds
Refreshing native plugins compatible for Editor in 0.00 ms, found 0 plugins.
Preloading 0 native plugins for Editor in 0.00 ms.
Unloading 0 Unused Serialized files (Serialized files now loaded: 0)
Unloading 857 unused Assets / (312.1 KB). Loaded Objects now: 1455.
Memory consumption went from 75.0 MB to 74.7 MB.
Total: 3.355200 ms (FindLiveObjects: 0.087700 ms CreateObjectMapping: 0.028100 ms MarkObjects: 2.980900 ms  DeleteObjects: 0.257600 ms)

========================================================================
Received Import Request.
  Time since last request: 862253.975865 seconds.
  path: Assets/Main Menu/UZ
  artifactKey: Guid(860734bbb2b25754ba594b341cae56ec) Importer(2089858483,b0f066a214c2f5e87bad3c948f4d605d)
Start importing Assets/Main Menu/UZ using Guid(860734bbb2b25754ba594b341cae56ec) Importer(2089858483,b0f066a214c2f5e87bad3c948f4d605d) (ScriptedImporter) -> (artifact id: '2cda68807d149142ed2f3f51b472fa6c') in 0.0496293 seconds
Number of updated asset objects reloaded before import = 0Number of asset objects unloaded after import = 1

========================================================================
Received Import Request.
  Time since last request: 0.000029 seconds.
  path: Assets/Main Menu/UZ/UI_Atlas_Lock.png
  artifactKey: Guid(5d8f7aefa0edd884aa44b47bdc6f8ff8) Importer(2089858483,b0f066a214c2f5e87bad3c948f4d605d)
Start importing Assets/Main Menu/UZ/UI_Atlas_Lock.png using Guid(5d8f7aefa0edd884aa44b47bdc6f8ff8) Importer(2089858483,b0f066a214c2f5e87bad3c948f4d605d) (ScriptedImporter) -> (artifact id: 'ed56846a95133e98a25801a7a75c24b5') in 0.1208205 seconds
Number of updated asset objects reloaded before import = 0Number of asset objects unloaded after import = 4

========================================================================
Received Import Request.
  Time since last request: 1.895903 seconds.
  path: Assets/Class7th (Prefab System)/Main Menu/UZ
  artifactKey: Guid(860734bbb2b25754ba594b341cae56ec) Importer(2089858483,b0f066a214c2f5e87bad3c948f4d605d)
Start importing Assets/Class7th (Prefab System)/Main Menu/UZ using Guid(860734bbb2b25754ba594b341cae56ec) Importer(2089858483,b0f066a214c2f5e87bad3c948f4d605d) (ScriptedImporter) -> (artifact id: 'd7eda3b97ef6cd757c8f091ab6797947') in 0.0029022 seconds
Number of updated asset objects reloaded before import = 0Number of asset objects unloaded after import = 1

========================================================================
Received Import Request.
  Time since last request: 0.000014 seconds.
  path: Assets/Class7th (Prefab System)/Main Menu/Sprites/UI_Atlas_LevelButtons_11_20.png
  artifactKey: Guid(36c08cbe8ab019c4a8bbbcd4a9ff5e71) Importer(2089858483,b0f066a214c2f5e87bad3c948f4d605d)
Start importing Assets/Class7th (Prefab System)/Main Menu/Sprites/UI_Atlas_LevelButtons_11_20.png using Guid(36c08cbe8ab019c4a8bbbcd4a9ff5e71) Importer(2089858483,b0f066a214c2f5e87bad3c948f4d605d) (ScriptedImporter) -> (artifact id: '8857be32e24bbfd3150e862161a82863') in 0.0176604 seconds
Number of updated asset objects reloaded before import = 0Number of asset objects unloaded after import = 12

========================================================================
Received Import Request.
  Time since last request: 0.000020 seconds.
  path: Assets/Class7th (Prefab System)/Main Menu/Sprites/UI_Atlas_Stars 2.png
  artifactKey: Guid(707910ade9de8bd4eb6559ed557298a5) Importer(2089858483,b0f066a214c2f5e87bad3c948f4d605d)
Start importing Assets/Class7th (Prefab System)/Main Menu/Sprites/UI_Atlas_Stars 2.png using Guid(707910ade9de8bd4eb6559ed557298a5) Importer(2089858483,b0f066a214c2f5e87bad3c948f4d605d) (ScriptedImporter) -> (artifact id: 'f4a2e031560aaa6df681f2062940335a') in 0.011838 seconds
Number of updated asset objects reloaded before import = 0Number of asset objects unloaded after import = 4

========================================================================
Received Import Request.
  Time since last request: 0.000031 seconds.
  path: Assets/Class7th (Prefab System)/Main Menu/UZ/UI_Atlas_Currency.png
  artifactKey: Guid(4e962a93f53d8334f8dc340ca3f339bd) Importer(2089858483,b0f066a214c2f5e87bad3c948f4d605d)
Start importing Assets/Class7th (Prefab System)/Main Menu/UZ/UI_Atlas_Currency.png using Guid(4e962a93f53d8334f8dc340ca3f339bd) Importer(2089858483,b0f066a214c2f5e87bad3c948f4d605d) (ScriptedImporter) -> (artifact id: '78b91661f97380173b0cb31e5b468a0a') in 0.0140125 seconds
Number of updated asset objects reloaded before import = 0Number of asset objects unloaded after import = 8

========================================================================
Received Import Request.
  Time since last request: 0.000017 seconds.
  path: Assets/Class7th (Prefab System)/Main Menu/UZ/UI_Atlas_Panels.png
  artifactKey: Guid(4fd43d8d246f3594184833f5acd9f2bb) Importer(2089858483,b0f066a214c2f5e87bad3c948f4d605d)
Start importing Assets/Class7th (Prefab System)/Main Menu/UZ/UI_Atlas_Panels.png using Guid(4fd43d8d246f3594184833f5acd9f2bb) Importer(2089858483,b0f066a214c2f5e87bad3c948f4d605d) (ScriptedImporter) -> (artifact id: 'a76892acf654ca04c5b539de9395b508') in 0.0105857 seconds
Number of updated asset objects reloaded before import = 0Number of asset objects unloaded after import = 6

========================================================================
Received Import Request.
  Time since last request: 0.000023 seconds.
  path: Assets/Class7th (Prefab System)/Main Menu/Background/BG_1.2.png
  artifactKey: Guid(2dabf78d14fd4e74da4b37231f0bda27) Importer(2089858483,b0f066a214c2f5e87bad3c948f4d605d)
Start importing Assets/Class7th (Prefab System)/Main Menu/Background/BG_1.2.png using Guid(2dabf78d14fd4e74da4b37231f0bda27) Importer(2089858483,b0f066a214c2f5e87bad3c948f4d605d) (ScriptedImporter) -> (artifact id: 'e78327db0b5fab13b2ddf5984fe77cf0') in 0.007881 seconds
Number of updated asset objects reloaded before import = 0Number of asset objects unloaded after import = 3

========================================================================
Received Import Request.
  Time since last request: 0.000015 seconds.
  path: Assets/Class7th (Prefab System)/Main Menu/UZ/UI_Atlas_MainMenu 1.png
  artifactKey: Guid(deb15fd2874e4f745ae65def34583836) Importer(2089858483,b0f066a214c2f5e87bad3c948f4d605d)
Start importing Assets/Class7th (Prefab System)/Main Menu/UZ/UI_Atlas_MainMenu 1.png using Guid(deb15fd2874e4f745ae65def34583836) Importer(2089858483,b0f066a214c2f5e87bad3c948f4d605d) (ScriptedImporter) -> (artifact id: '0ed25974cd94dd5654ff954954b4802e') in 0.0259304 seconds
Number of updated asset objects reloaded before import = 0Number of asset objects unloaded after import = 10

========================================================================
Received Import Request.
  Time since last request: 0.000068 seconds.
  path: Assets/Class7th (Prefab System)/Main Menu/Background/BG_2.2.png
  artifactKey: Guid(95e5c0fc78094af4eabd171c24666f25) Importer(2089858483,b0f066a214c2f5e87bad3c948f4d605d)
Start importing Assets/Class7th (Prefab System)/Main Menu/Background/BG_2.2.png using Guid(95e5c0fc78094af4eabd171c24666f25) Importer(2089858483,b0f066a214c2f5e87bad3c948f4d605d) (ScriptedImporter) -> (artifact id: 'd3de52c637417dffae5bae8260c70520') in 0.0058156 seconds
Number of updated asset objects reloaded before import = 0Number of asset objects unloaded after import = 3

========================================================================
Received Import Request.
  Time since last request: 0.000016 seconds.
  path: Assets/Class7th (Prefab System)/Main Menu/Background/BG_3.2.png
  artifactKey: Guid(8795703307e1a024bb521cb0225074d6) Importer(2089858483,b0f066a214c2f5e87bad3c948f4d605d)
Start importing Assets/Class7th (Prefab System)/Main Menu/Background/BG_3.2.png using Guid(8795703307e1a024bb521cb0225074d6) Importer(2089858483,b0f066a214c2f5e87bad3c948f4d605d) (ScriptedImporter) -> (artifact id: '2781d1228d04716f136fce543c4aea56') in 0.0157445 seconds
Number of updated asset objects reloaded before import = 0Number of asset objects unloaded after import = 3

========================================================================
Received Import Request.
  Time since last request: 2.359188 seconds.
  path: Assets/Class7th (Prefab System)/Main Menu/UZ/UI_Atlas_Currency.png
  artifactKey: Guid(4e962a93f53d8334f8dc340ca3f339bd) Importer(815301076,1909f56bfc062723c751e8b465ee728b)
Start importing Assets/Class7th (Prefab System)/Main Menu/UZ/UI_Atlas_Currency.png using Guid(4e962a93f53d8334f8dc340ca3f339bd) Importer(815301076,1909f56bfc062723c751e8b465ee728b) (PreviewImporter) -> (artifact id: '8ae2997f80c143f823658ef48e51e2ab') in 0.0982963 seconds
Number of updated asset objects reloaded before import = 0Number of asset objects unloaded after import = 8

========================================================================
Received Import Request.
  Time since last request: 0.000025 seconds.
  path: Assets/Class7th (Prefab System)/Main Menu/UZ/UI_Panel_Wood.png
  artifactKey: Guid(ba9d2a0c0a82a9f4ab27a9849aea6433) Importer(815301076,1909f56bfc062723c751e8b465ee728b)
Start importing Assets/Class7th (Prefab System)/Main Menu/UZ/UI_Panel_Wood.png using Guid(ba9d2a0c0a82a9f4ab27a9849aea6433) Importer(815301076,1909f56bfc062723c751e8b465ee728b) (PreviewImporter) -> (artifact id: '9d728a66b1cf59c8807d0b2cdfa9a410') in 0.0347668 seconds
Number of updated asset objects reloaded before import = 0Number of asset objects unloaded after import = 4

========================================================================
Received Import Request.
  Time since last request: 0.000023 seconds.
  path: Assets/Class7th (Prefab System)/Main Menu/UZ/UI_Atlas_Rewards.png
  artifactKey: Guid(c65153043afa0034a985aa0c7c550528) Importer(815301076,1909f56bfc062723c751e8b465ee728b)
Start importing Assets/Class7th (Prefab System)/Main Menu/UZ/UI_Atlas_Rewards.png using Guid(c65153043afa0034a985aa0c7c550528) Importer(815301076,1909f56bfc062723c751e8b465ee728b) (PreviewImporter) -> (artifact id: '174671f06369e2bd722a123f41418bb5') in 0.0637594 seconds
Number of updated asset objects reloaded before import = 0Number of asset objects unloaded after import = 10

========================================================================
Received Import Request.
  Time since last request: 0.000022 seconds.
  path: Assets/Class7th (Prefab System)/Main Menu/UZ/UI_Atlas_Panels.png
  artifactKey: Guid(4fd43d8d246f3594184833f5acd9f2bb) Importer(815301076,1909f56bfc062723c751e8b465ee728b)
Start importing Assets/Class7th (Prefab System)/Main Menu/UZ/UI_Atlas_Panels.png using Guid(4fd43d8d246f3594184833f5acd9f2bb) Importer(815301076,1909f56bfc062723c751e8b465ee728b) (PreviewImporter) -> (artifact id: '801a3a3f62c14b3b0a4b5bd61dc66734') in 0.0308254 seconds
Number of updated asset objects reloaded before import = 0Number of asset objects unloaded after import = 6

========================================================================
Received Import Request.
  Time since last request: 0.000043 seconds.
  path: Assets/Class7th (Prefab System)/Main Menu/UZ/UI_Atlas_MainMenu 2.png
  artifactKey: Guid(c8f18a6edd1b77642a5f75b7aaf498c9) Importer(815301076,1909f56bfc062723c751e8b465ee728b)
Start importing Assets/Class7th (Prefab System)/Main Menu/UZ/UI_Atlas_MainMenu 2.png using Guid(c8f18a6edd1b77642a5f75b7aaf498c9) Importer(815301076,1909f56bfc062723c751e8b465ee728b) (PreviewImporter) -> (artifact id: 'b089514ef091e2f246c71028d481bb8b') in 0.0482284 seconds
Number of updated asset objects reloaded before import = 0Number of asset objects unloaded after import = 9

========================================================================
Received Import Request.
  Time since last request: 3.015485 seconds.
  path: Assets/Class7th (Prefab System)/Main Menu/Sprites/UI_Atlas_ProgressBar 1.png
  artifactKey: Guid(237db5424eb992b48b9b8d659575943a) Importer(815301076,1909f56bfc062723c751e8b465ee728b)
Start importing Assets/Class7th (Prefab System)/Main Menu/Sprites/UI_Atlas_ProgressBar 1.png using Guid(237db5424eb992b48b9b8d659575943a) Importer(815301076,1909f56bfc062723c751e8b465ee728b) (PreviewImporter) -> (artifact id: 'f84a22416de9dada691e715ed4a6f974') in 0.0440657 seconds
Number of updated asset objects reloaded before import = 0Number of asset objects unloaded after import = 17

========================================================================
Received Import Request.
  Time since last request: 0.000017 seconds.
  path: Assets/Class7th (Prefab System)/Main Menu/Sprites/UI_Atlas_Stars 2.png
  artifactKey: Guid(707910ade9de8bd4eb6559ed557298a5) Importer(815301076,1909f56bfc062723c751e8b465ee728b)
Start importing Assets/Class7th (Prefab System)/Main Menu/Sprites/UI_Atlas_Stars 2.png using Guid(707910ade9de8bd4eb6559ed557298a5) Importer(815301076,1909f56bfc062723c751e8b465ee728b) (PreviewImporter) -> (artifact id: 'e2dcad3b77f92e9c6ef6392418a0efd6') in 0.0182342 seconds
Number of updated asset objects reloaded before import = 0Number of asset objects unloaded after import = 4

========================================================================
Received Import Request.
  Time since last request: 1.440974 seconds.
  path: Assets/Class7th (Prefab System)/Main Menu/Background/BG_3.2.png
  artifactKey: Guid(8795703307e1a024bb521cb0225074d6) Importer(815301076,1909f56bfc062723c751e8b465ee728b)
Start importing Assets/Class7th (Prefab System)/Main Menu/Background/BG_3.2.png using Guid(8795703307e1a024bb521cb0225074d6) Importer(815301076,1909f56bfc062723c751e8b465ee728b) (PreviewImporter) -> (artifact id: '6c5e3cc31bedf9ef60bd0c7dd8fb500b') in 0.0254528 seconds
Number of updated asset objects reloaded before import = 0Number of asset objects unloaded after import = 3

