[Licensing::Module] Trying to connect to existing licensing client channel...
Built from '6000.3/staging' branch; Version is '6000.3.15f1 (c1aa84e375f6) revision 12692100'; Using compiler version '194234433'; Build Type 'Release'
[Licensing::IpcConnector] Successfully connected to: "LicenseClient-Admin" at "2026-05-28T12:28:14.526141Z"
OS: 'Windows 10  (10.0.19042) 64bit Core' Language: 'ko' Physical Memory: 32600 MB
BatchMode: 1, IsHumanControllingUs: 0, StartBugReporterOnCrash: 0, Is64bit: 1
System  architecture: x64
Process architecture: x64
Date: 2026-05-28T12:28:14Z

COMMAND LINE ARGUMENTS:
C:\Program Files\Unity\Hub\Editor\6000.3.15f1\Editor\Unity.exe
-adb2
-batchMode
-noUpm
-name
AssetImportWorker5
-projectPath
C:/Users/Administrator/Desktop/Game-Engine
-logFile
Logs/AssetImportWorker5.log
-srvPort
60701
-licensingIpc
LicenseClient-Admin
-job-worker-count
5
-background-job-worker-count
8
-gc-helper-count
1
-name
AssetImport
Successfully changed project path to: C:/Users/Administrator/Desktop/Game-Engine
C:/Users/Administrator/Desktop/Game-Engine
[UnityMemory] Configuration Parameters - Can be set up in boot.config
    "memorysetup-temp-allocator-size-nav-mesh-worker=65536"
    "memorysetup-temp-allocator-size-audio-worker=65536"
    "memorysetup-temp-allocator-size-gfx=262144"
    "memorysetup-allocator-temp-initial-block-size-main=262144"
    "memorysetup-allocator-temp-initial-block-size-worker=262144"
    "memorysetup-temp-allocator-size-background-worker=32768"
    "memorysetup-temp-allocator-size-job-worker=262144"
    "memorysetup-temp-allocator-size-preload-manager=33554432"
    "memorysetup-temp-allocator-size-gi-baking-worker=262144"
    "memorysetup-temp-allocator-size-gi-baking-worker=262144"
    "memorysetup-temp-allocator-size-gi-baking-worker=262144"
    "memorysetup-temp-allocator-size-gi-baking-worker=262144"
    "memorysetup-temp-allocator-size-gi-baking-worker=262144"
    "memorysetup-bucket-allocator-granularity=16"
    "memorysetup-bucket-allocator-bucket-count=8"
    "memorysetup-bucket-allocator-block-size=33554432"
    "memorysetup-bucket-allocator-block-count=8"
    "memorysetup-main-allocator-block-size=16777216"
    "memorysetup-thread-allocator-block-size=16777216"
    "memorysetup-gfx-main-allocator-block-size=16777216"
    "memorysetup-gfx-thread-allocator-block-size=16777216"
    "memorysetup-cache-allocator-block-size=4194304"
    "memorysetup-typetree-allocator-block-size=2097152"
    "memorysetup-profiler-bucket-allocator-granularity=16"
    "memorysetup-profiler-bucket-allocator-bucket-count=8"
    "memorysetup-profiler-bucket-allocator-block-size=33554432"
    "memorysetup-profiler-bucket-allocator-block-count=8"
    "memorysetup-profiler-allocator-block-size=16777216"
    "memorysetup-profiler-editor-allocator-block-size=1048576"
    "memorysetup-temp-allocator-size-main=16777216"
    "memorysetup-job-temp-allocator-block-size=2097152"
    "memorysetup-job-temp-allocator-block-size-background=1048576"
    "memorysetup-job-temp-allocator-reduction-small-platforms=262144"
    "memorysetup-temp-allocator-size-cloud-worker=32768"
Player connection [26412]  Target information:

Player connection [26412]  * "[IP] 192.168.75.186 [Port] 0 [Flags] 2 [Guid] 1537544550 [EditorId] 1537544550 [Version] 1048832 [Id] WindowsEditor(7,Admin) [Debug] 1 [PackageName] WindowsEditor [ProjectName] Editor" 

Player connection [26412] Host joined multi-casting on [225.0.0.222:54997]...
Player connection [26412] Host joined alternative multi-casting on [225.0.0.222:34997]...
JobSystem: Creating JobQueue using job-worker-count value 5
Input System module state changed to: Initialized.
[Physics::Module] Initialized fallback backend.
[Physics::Module] Id: 0xdecafbad
Library Redirect Path: Library/
[Physics::Module] Selected backend.
[Physics::Module] Name: PhysX
[Physics::Module] Id: 0xf2b8ea05
[Physics::Module] SDK Version: 4.1.2
[Physics::Module] Integration Version: 1.0.0
[Physics::Module] Threading Mode: Multi-Threaded
Refreshing native plugins compatible for Editor in 0.00 ms, found 0 plugins.
Preloading 0 native plugins for Editor in 0.00 ms.
Initialize engine version: 6000.3.15f1 (c1aa84e375f6)
[Subsystems] Discovering subsystems at path C:/Program Files/Unity/Hub/Editor/6000.3.15f1/Editor/Data/Resources/UnitySubsystems
[Subsystems] Discovering subsystems at path C:/Users/Administrator/Desktop/Game-Engine/Assets
GfxDevice: creating device client; kGfxThreadingModeNonThreaded
Direct3D:
    Version:  Direct3D 11.0 [level 11.1]
    Renderer: NVIDIA GeForce RTX 4060 (ID=0x2882)
    Vendor:   NVIDIA
    VRAM:     7957 MB
    Driver:   32.0.15.6614
Initialize mono
Mono path[0] = 'C:/Program Files/Unity/Hub/Editor/6000.3.15f1/Editor/Data/Managed'
Mono path[1] = 'C:/Program Files/Unity/Hub/Editor/6000.3.15f1/Editor/Data/MonoBleedingEdge/lib/mono/unityjit-win32'
Mono config path = 'C:/Program Files/Unity/Hub/Editor/6000.3.15f1/Editor/Data/MonoBleedingEdge/etc'
Using monoOptions --debugger-agent=transport=dt_socket,embedding=1,server=y,suspend=n,address=127.0.0.1:56048
Begin MonoManager ReloadAssembly
Registering precompiled unity dll's ...
Register platform support module: C:/Program Files/Unity/Hub/Editor/6000.3.15f1/Editor/Data/PlaybackEngines/WindowsStandaloneSupport/UnityEditor.WindowsStandalone.Extensions.dll
[Licensing::Module] Licensing is not yet initialized.
[Licensing::Client] Error: HandshakeResponse reported an error:
	ResponseCode: 505
	ResponseStatus: Unsupported protocol version '1.18.1'.
[Licensing::Module] Error: Failed to handshake to channel: "LicenseClient-Admin"
[Licensing::IpcConnector] LicenseClient-Admin channel disconnected successfully.
[Licensing::IpcConnector] Successfully connected to: "LicenseClient-Admin-6000.3.15" at "2026-05-28T12:28:15.6890744Z"
[Licensing::Client] Code 10 while verifying Licensing Client signature (process Id: 21148, path: "C:/Program Files/Unity/Hub/Editor/6000.3.15f1/Editor/Data/Resources/Licensing/Client/Unity.Licensing.Client.exe")
[Licensing::Module] LicensingClient has failed validation; ignoring
[Licensing::Client] Handshaking with LicensingClient:
  Version:                 1.18.1+9fbee8e
  Session Id:              b1639d628e284e1c95e56af3d4960d9f
  Correlation Id:          f0e9ec323be265d80a73b18c23b6bb3f
  External correlation Id: 6605454518604554918
  Machine Id:              yTEWFmjPiEp4Sbu34Ix7hwDveoU=
[Licensing::Module] Successfully connected to LicensingClient on channel: "LicenseClient-Admin-6000.3.15" (connect: 0.00s, validation: 0.00s, handshake: 0.00s)
[Licensing::IpcConnector] Successfully connected to: "LicenseClient-Admin-6000.3.15-notifications" at "2026-05-28T12:28:15.6947169Z"
[Licensing::Module] Licensing Background thread has ended after 1.17s
[Licensing::Module] Licensing is initialized (took 0.37s).
[Licensing::Client] Successfully resolved entitlement details
[Licensing::Module] License group:
  Id: 14569749871362-UnityPersXXXX
  Product: Unity Personal
  Type: Assigned
  Expiration: Unlimited
Register platform support module: C:/Program Files/Unity/Hub/Editor/6000.3.15f1/Editor/Data/PlaybackEngines/iOSSupport/UnityEditor.iOS.Extensions.dll
Registered in 0.373610 seconds.
- Loaded All Assemblies, in  0.840 seconds
[usbmuxd] Start listen thread
[usbmuxd] Listen thread started
[usbmuxd] Send listen message
Native extension for iOS target not found
Native extension for WindowsStandalone target not found
Package Manager log level set to [2]
[Package Manager] Failed to launch server process. Reason: Unity was launched with the -noUpm command-line argument
[Package Manager] Unable to send message (not connected to server process).
[Package Manager] Cannot connect to Unity Package Manager local server
ScheduleIndexationOnStartup MainProcess:False IndexOnStartup:True
Mono: successfully reloaded assembly
- Finished resetting the current domain, in  0.353 seconds
Domain Reload Profiling: 1190ms
	BeginReloadAssembly (200ms)
		ExecutionOrderSort (0ms)
		DisableScriptedObjects (0ms)
		BackupInstance (0ms)
		ReleaseScriptingObjects (0ms)
		CreateAndSetChildDomain (1ms)
	RebuildCommonClasses (54ms)
	RebuildNativeTypeToScriptingClass (15ms)
	initialDomainReloadingComplete (415ms)
	LoadAllAssembliesAndSetupDomain (154ms)
		LoadAssemblies (197ms)
		RebuildTransferFunctionScriptingTraits (0ms)
		AnalyzeDomain (151ms)
			TypeCache.Refresh (149ms)
				TypeCache.ScanAssembly (136ms)
			BuildScriptInfoCaches (0ms)
			ResolveRequiredComponents (0ms)
	FinalizeReload (353ms)
		ReleaseScriptCaches (0ms)
		RebuildScriptCaches (0ms)
		SetupLoadedEditorAssemblies (324ms)
			LogAssemblyErrors (0ms)
			InitializePlatformSupportModulesInManaged (56ms)
			SetLoadedEditorAssemblies (3ms)
			BeforeProcessingInitializeOnLoad (74ms)
			ProcessInitializeOnLoadAttributes (124ms)
			ProcessInitializeOnLoadMethodAttributes (67ms)
			AfterProcessingInitializeOnLoad (0ms)
			EditorAssembliesLoaded (0ms)
		ExecutionOrderSort2 (0ms)
		AwakeInstancesAfterBackupRestoration (0ms)
========================================================================
Worker process is ready to serve import requests
Import Worker Mode flag is 0x00
Begin MonoManager ReloadAssembly
[Licensing::Client] Successfully resolved entitlement details
- Loaded All Assemblies, in  0.382 seconds
Refreshing native plugins compatible for Editor in 0.00 ms, found 0 plugins.
Native extension for iOS target not found
Native extension for WindowsStandalone target not found
[Package Manager] Failed to launch server process. Reason: Unity was launched with the -noUpm command-line argument
[Package Manager] Unable to send message (not connected to server process).
[Package Manager] Cannot connect to Unity Package Manager local server
ScheduleIndexationOnStartup MainProcess:False IndexOnStartup:True
Mono: successfully reloaded assembly
- Finished resetting the current domain, in  0.336 seconds
Domain Reload Profiling: 716ms
	BeginReloadAssembly (172ms)
		ExecutionOrderSort (0ms)
		DisableScriptedObjects (4ms)
		BackupInstance (0ms)
		ReleaseScriptingObjects (0ms)
		CreateAndSetChildDomain (22ms)
	RebuildCommonClasses (33ms)
	RebuildNativeTypeToScriptingClass (11ms)
	initialDomainReloadingComplete (30ms)
	LoadAllAssembliesAndSetupDomain (133ms)
		LoadAssemblies (206ms)
		RebuildTransferFunctionScriptingTraits (0ms)
		AnalyzeDomain (35ms)
			TypeCache.Refresh (24ms)
				TypeCache.ScanAssembly (16ms)
			BuildScriptInfoCaches (7ms)
			ResolveRequiredComponents (2ms)
	FinalizeReload (336ms)
		ReleaseScriptCaches (0ms)
		RebuildScriptCaches (0ms)
		SetupLoadedEditorAssemblies (241ms)
			LogAssemblyErrors (0ms)
			InitializePlatformSupportModulesInManaged (9ms)
			SetLoadedEditorAssemblies (2ms)
			BeforeProcessingInitializeOnLoad (83ms)
			ProcessInitializeOnLoadAttributes (107ms)
			ProcessInitializeOnLoadMethodAttributes (34ms)
			AfterProcessingInitializeOnLoad (5ms)
			EditorAssembliesLoaded (0ms)
		ExecutionOrderSort2 (0ms)
		AwakeInstancesAfterBackupRestoration (10ms)
Launched and connected shader compiler UnityShaderCompiler.exe after 0.01 seconds
Refreshing native plugins compatible for Editor in 0.00 ms, found 0 plugins.
Preloading 0 native plugins for Editor in 0.00 ms.
Unloading 1 Unused Serialized files (Serialized files now loaded: 0)
Unloading 858 unused Assets / (316.2 KB). Loaded Objects now: 1455.
Memory consumption went from 76.0 MB to 75.7 MB.
Total: 4.601900 ms (FindLiveObjects: 0.089700 ms CreateObjectMapping: 0.030700 ms MarkObjects: 4.142100 ms  DeleteObjects: 0.338100 ms)

========================================================================
Received Import Request.
  Time since last request: 949538.422401 seconds.
  path: Assets/Class8th (Physics System)/GolfAssets/Models/Interactable
  artifactKey: Guid(682038632684c3541a5821d44599eb0e) Importer(2089858483,b0f066a214c2f5e87bad3c948f4d605d)
Start importing Assets/Class8th (Physics System)/GolfAssets/Models/Interactable using Guid(682038632684c3541a5821d44599eb0e) Importer(2089858483,b0f066a214c2f5e87bad3c948f4d605d) (ScriptedImporter) -> (artifact id: 'de17d32301285857d39a29df1391fce8') in 0.0500196 seconds
Number of updated asset objects reloaded before import = 0Number of asset objects unloaded after import = 1

========================================================================
Received Import Request.
  Time since last request: 0.000020 seconds.
  path: Assets/Class8th (Physics System)/GolfAssets/Models/Level/Part1/SidesHazard.fbx
  artifactKey: Guid(1c7ea2b800625ec4a90eb9c7bcc4c59b) Importer(2089858483,b0f066a214c2f5e87bad3c948f4d605d)
Start importing Assets/Class8th (Physics System)/GolfAssets/Models/Level/Part1/SidesHazard.fbx using Guid(1c7ea2b800625ec4a90eb9c7bcc4c59b) Importer(2089858483,b0f066a214c2f5e87bad3c948f4d605d) (ScriptedImporter) -> (artifact id: '397d492bb169d82425d3394d58ea4126') in 0.1152823 seconds
Number of updated asset objects reloaded before import = 0Number of asset objects unloaded after import = 9

========================================================================
Received Import Request.
  Time since last request: 0.000018 seconds.
  path: Assets/Class8th (Physics System)/GolfAssets/Textures/Checker
  artifactKey: Guid(7bd70e34b991e7d47a6733f0c7b498a7) Importer(2089858483,b0f066a214c2f5e87bad3c948f4d605d)
Start importing Assets/Class8th (Physics System)/GolfAssets/Textures/Checker using Guid(7bd70e34b991e7d47a6733f0c7b498a7) Importer(2089858483,b0f066a214c2f5e87bad3c948f4d605d) (ScriptedImporter) -> (artifact id: '1e2a54da73244ad30b9839c94daea7e5') in 0.0028617 seconds
Number of updated asset objects reloaded before import = 0Number of asset objects unloaded after import = 1

========================================================================
Received Import Request.
  Time since last request: 0.000023 seconds.
  path: Assets/Class8th (Physics System)/GolfAssets/Settings/Very High_PipelineAsset.asset
  artifactKey: Guid(e23d6755c8fd37f498d8d3d5d2a2d7b4) Importer(2089858483,b0f066a214c2f5e87bad3c948f4d605d)
Start importing Assets/Class8th (Physics System)/GolfAssets/Settings/Very High_PipelineAsset.asset using Guid(e23d6755c8fd37f498d8d3d5d2a2d7b4) Importer(2089858483,b0f066a214c2f5e87bad3c948f4d605d) (ScriptedImporter) -> (artifact id: 'a847d91efb284b4472368446bdfeffc4') in 0.0029377 seconds
Number of updated asset objects reloaded before import = 0Number of asset objects unloaded after import = 1

========================================================================
Received Import Request.
  Time since last request: 0.000013 seconds.
  path: Assets/Class8th (Physics System)/GolfAssets/Materials/Hammer,Flag.mat
  artifactKey: Guid(01ce0542e74e80b47af4110ea16d1e73) Importer(2089858483,b0f066a214c2f5e87bad3c948f4d605d)
Start importing Assets/Class8th (Physics System)/GolfAssets/Materials/Hammer,Flag.mat using Guid(01ce0542e74e80b47af4110ea16d1e73) Importer(2089858483,b0f066a214c2f5e87bad3c948f4d605d) (ScriptedImporter) -> (artifact id: '4eee3b1e00e51b6890bd5df06f28e0ac') in 0.0049213 seconds
Number of updated asset objects reloaded before import = 0Number of asset objects unloaded after import = 1

========================================================================
Received Import Request.
  Time since last request: 0.000024 seconds.
  path: Assets/Class8th (Physics System)/GolfAssets/Prefabs/Collectables/Gold.prefab
  artifactKey: Guid(bc6251a383d566d459b5f017395d38db) Importer(2089858483,b0f066a214c2f5e87bad3c948f4d605d)
Start importing Assets/Class8th (Physics System)/GolfAssets/Prefabs/Collectables/Gold.prefab using Guid(bc6251a383d566d459b5f017395d38db) Importer(2089858483,b0f066a214c2f5e87bad3c948f4d605d) (ScriptedImporter) -> (artifact id: 'db4808770285674bffceee9f948c13c5') in 0.0070141 seconds
Number of updated asset objects reloaded before import = 0Number of asset objects unloaded after import = 15

========================================================================
Received Import Request.
  Time since last request: 0.000013 seconds.
  path: Assets/Class8th (Physics System)/GolfAssets/Renderer.asset
  artifactKey: Guid(a3c69f300d0aecf438454ed49a32c0b0) Importer(2089858483,b0f066a214c2f5e87bad3c948f4d605d)
Start importing Assets/Class8th (Physics System)/GolfAssets/Renderer.asset using Guid(a3c69f300d0aecf438454ed49a32c0b0) Importer(2089858483,b0f066a214c2f5e87bad3c948f4d605d) (ScriptedImporter) -> (artifact id: '33a2ee875da8d4c73302eea3edaff27a') in 0.002805 seconds
Number of updated asset objects reloaded before import = 0Number of asset objects unloaded after import = 1

========================================================================
Received Import Request.
  Time since last request: 0.000021 seconds.
  path: Assets/Class8th (Physics System)/GolfAssets/Textures/WindMill
  artifactKey: Guid(8dd94675c4160ec40885477cfac1a214) Importer(2089858483,b0f066a214c2f5e87bad3c948f4d605d)
Start importing Assets/Class8th (Physics System)/GolfAssets/Textures/WindMill using Guid(8dd94675c4160ec40885477cfac1a214) Importer(2089858483,b0f066a214c2f5e87bad3c948f4d605d) (ScriptedImporter) -> (artifact id: 'fb0ffef1bf51bffa3ad0abf71b792e80') in 0.0027558 seconds
Number of updated asset objects reloaded before import = 0Number of asset objects unloaded after import = 1

========================================================================
Received Import Request.
  Time since last request: 0.000048 seconds.
  path: Assets/Class8th (Physics System)/GolfAssets/Prefabs/Bumpers/Cross.prefab
  artifactKey: Guid(732d3378ecf71f042b9d98bc913dc68b) Importer(2089858483,b0f066a214c2f5e87bad3c948f4d605d)
Start importing Assets/Class8th (Physics System)/GolfAssets/Prefabs/Bumpers/Cross.prefab using Guid(732d3378ecf71f042b9d98bc913dc68b) Importer(2089858483,b0f066a214c2f5e87bad3c948f4d605d) (ScriptedImporter) -> (artifact id: 'e64eacbf61ad9e6591f4173270fd9552') in 0.0084861 seconds
Number of updated asset objects reloaded before import = 0Number of asset objects unloaded after import = 16

========================================================================
Received Import Request.
  Time since last request: 0.000022 seconds.
  path: Assets/Class8th (Physics System)/GolfAssets/Prefabs/Pipes
  artifactKey: Guid(85036882d257dce47b4afeaf999a2a83) Importer(2089858483,b0f066a214c2f5e87bad3c948f4d605d)
Start importing Assets/Class8th (Physics System)/GolfAssets/Prefabs/Pipes using Guid(85036882d257dce47b4afeaf999a2a83) Importer(2089858483,b0f066a214c2f5e87bad3c948f4d605d) (ScriptedImporter) -> (artifact id: 'd7dee3ce3899d1f2689964d7dce6c603') in 0.0023039 seconds
Number of updated asset objects reloaded before import = 0Number of asset objects unloaded after import = 1

========================================================================
Received Import Request.
  Time since last request: 0.000023 seconds.
  path: Assets/Class8th (Physics System)/GolfAssets/Models/Level/Part1/UpHill.fbx
  artifactKey: Guid(1eed6803448fd1d47864899fbee1df28) Importer(2089858483,b0f066a214c2f5e87bad3c948f4d605d)
Start importing Assets/Class8th (Physics System)/GolfAssets/Models/Level/Part1/UpHill.fbx using Guid(1eed6803448fd1d47864899fbee1df28) Importer(2089858483,b0f066a214c2f5e87bad3c948f4d605d) (ScriptedImporter) -> (artifact id: '72f4b18d3f40223f57c3b00e0b363188') in 0.0081777 seconds
Number of updated asset objects reloaded before import = 0Number of asset objects unloaded after import = 9

========================================================================
Received Import Request.
  Time since last request: 0.000018 seconds.
  path: Assets/Class8th (Physics System)/GolfAssets/Textures/Coins/1_DefaultMaterial_Normal.png
  artifactKey: Guid(865cb1d07d305314480f9f17d85bf7fa) Importer(2089858483,b0f066a214c2f5e87bad3c948f4d605d)
Start importing Assets/Class8th (Physics System)/GolfAssets/Textures/Coins/1_DefaultMaterial_Normal.png using Guid(865cb1d07d305314480f9f17d85bf7fa) Importer(2089858483,b0f066a214c2f5e87bad3c948f4d605d) (ScriptedImporter) -> (artifact id: 'fb9136cbde79a780faae442c31fb6f00') in 0.028988 seconds
Number of updated asset objects reloaded before import = 0Number of asset objects unloaded after import = 1

========================================================================
Received Import Request.
  Time since last request: 0.000039 seconds.
  path: Assets/Class8th (Physics System)/GolfAssets/Textures/InteractProps/1_DefaultMaterial_Emission.png
  artifactKey: Guid(edd8e8066430f014e98a8b334f7fdf38) Importer(2089858483,b0f066a214c2f5e87bad3c948f4d605d)
Start importing Assets/Class8th (Physics System)/GolfAssets/Textures/InteractProps/1_DefaultMaterial_Emission.png using Guid(edd8e8066430f014e98a8b334f7fdf38) Importer(2089858483,b0f066a214c2f5e87bad3c948f4d605d) (ScriptedImporter) -> (artifact id: '5843f2447714c895d943aa11bbee809e') in 0.01283 seconds
Number of updated asset objects reloaded before import = 0Number of asset objects unloaded after import = 1

========================================================================
Received Import Request.
  Time since last request: 0.000018 seconds.
  path: Assets/Class8th (Physics System)/GolfAssets/Prefabs/Level/SidesHazard.prefab
  artifactKey: Guid(c515f3e5539b8884ea7f2e1a4d94a27c) Importer(2089858483,b0f066a214c2f5e87bad3c948f4d605d)
Start importing Assets/Class8th (Physics System)/GolfAssets/Prefabs/Level/SidesHazard.prefab using Guid(c515f3e5539b8884ea7f2e1a4d94a27c) Importer(2089858483,b0f066a214c2f5e87bad3c948f4d605d) (ScriptedImporter) -> (artifact id: '471f1e3e12e135c63d44e140867a04b0') in 0.0086004 seconds
Number of updated asset objects reloaded before import = 0Number of asset objects unloaded after import = 16

========================================================================
Received Import Request.
  Time since last request: 0.000017 seconds.
  path: Assets/Class8th (Physics System)/GolfAssets/Prefabs/Bg
  artifactKey: Guid(6148eb3c5f8c22e418f4b2e928fc6157) Importer(2089858483,b0f066a214c2f5e87bad3c948f4d605d)
Start importing Assets/Class8th (Physics System)/GolfAssets/Prefabs/Bg using Guid(6148eb3c5f8c22e418f4b2e928fc6157) Importer(2089858483,b0f066a214c2f5e87bad3c948f4d605d) (ScriptedImporter) -> (artifact id: '816dbd3134b24cbd1faf5c5a64071c76') in 0.0024134 seconds
Number of updated asset objects reloaded before import = 0Number of asset objects unloaded after import = 1

========================================================================
Received Import Request.
  Time since last request: 0.000027 seconds.
  path: Assets/Class8th (Physics System)/GolfAssets/Settings
  artifactKey: Guid(893f79f6f695ed04f96f2cb88019c3d1) Importer(2089858483,b0f066a214c2f5e87bad3c948f4d605d)
Start importing Assets/Class8th (Physics System)/GolfAssets/Settings using Guid(893f79f6f695ed04f96f2cb88019c3d1) Importer(2089858483,b0f066a214c2f5e87bad3c948f4d605d) (ScriptedImporter) -> (artifact id: 'e5f1b9c8a939bf0c239ccec381ee28f7') in 0.003116 seconds
Number of updated asset objects reloaded before import = 0Number of asset objects unloaded after import = 1

========================================================================
Received Import Request.
  Time since last request: 0.000021 seconds.
  path: Assets/Class8th (Physics System)/GolfAssets/Animations
  artifactKey: Guid(84683e1b7a9510942a88194c155e2241) Importer(2089858483,b0f066a214c2f5e87bad3c948f4d605d)
Start importing Assets/Class8th (Physics System)/GolfAssets/Animations using Guid(84683e1b7a9510942a88194c155e2241) Importer(2089858483,b0f066a214c2f5e87bad3c948f4d605d) (ScriptedImporter) -> (artifact id: '2cdff1bc58a9b0ec879b28216a2a8a2d') in 0.0028028 seconds
Number of updated asset objects reloaded before import = 0Number of asset objects unloaded after import = 1

========================================================================
Received Import Request.
  Time since last request: 0.000027 seconds.
  path: Assets/Class8th (Physics System)/GolfAssets/Settings/Very High_PipelineAsset_ForwardRenderer.asset
  artifactKey: Guid(71443470d562b3b41be98d6eebebf900) Importer(2089858483,b0f066a214c2f5e87bad3c948f4d605d)
Start importing Assets/Class8th (Physics System)/GolfAssets/Settings/Very High_PipelineAsset_ForwardRenderer.asset using Guid(71443470d562b3b41be98d6eebebf900) Importer(2089858483,b0f066a214c2f5e87bad3c948f4d605d) (ScriptedImporter) -> (artifact id: '4eb57d7f52781cb7e1fbb533bb73f40e') in 0.0032861 seconds
Number of updated asset objects reloaded before import = 0Number of asset objects unloaded after import = 1

========================================================================
Received Import Request.
  Time since last request: 0.000019 seconds.
  path: Assets/Class8th (Physics System)/GolfAssets/Settings/Medium_PipelineAsset_ForwardRenderer.asset
  artifactKey: Guid(3b4a08620a9e67248b9c60bf2be02041) Importer(2089858483,b0f066a214c2f5e87bad3c948f4d605d)
Start importing Assets/Class8th (Physics System)/GolfAssets/Settings/Medium_PipelineAsset_ForwardRenderer.asset using Guid(3b4a08620a9e67248b9c60bf2be02041) Importer(2089858483,b0f066a214c2f5e87bad3c948f4d605d) (ScriptedImporter) -> (artifact id: '1ab33cf95912116237da18c0c1bdc536') in 0.0029284 seconds
Number of updated asset objects reloaded before import = 0Number of asset objects unloaded after import = 1

========================================================================
Received Import Request.
  Time since last request: 0.000015 seconds.
  path: Assets/Class8th (Physics System)/GolfAssets/Materials/Pipes.mat
  artifactKey: Guid(ec0929028e43d424aa0acb50debdcb04) Importer(2089858483,b0f066a214c2f5e87bad3c948f4d605d)
Start importing Assets/Class8th (Physics System)/GolfAssets/Materials/Pipes.mat using Guid(ec0929028e43d424aa0acb50debdcb04) Importer(2089858483,b0f066a214c2f5e87bad3c948f4d605d) (ScriptedImporter) -> (artifact id: '7caf2c49176624649ff65d6c3ec5fb84') in 0.0050761 seconds
Number of updated asset objects reloaded before import = 0Number of asset objects unloaded after import = 1

========================================================================
Received Import Request.
  Time since last request: 0.000056 seconds.
  path: Assets/Class8th (Physics System)/GolfAssets/Textures/FrogPortals
  artifactKey: Guid(21871a81b88660e489f012322eb09cd6) Importer(2089858483,b0f066a214c2f5e87bad3c948f4d605d)
Start importing Assets/Class8th (Physics System)/GolfAssets/Textures/FrogPortals using Guid(21871a81b88660e489f012322eb09cd6) Importer(2089858483,b0f066a214c2f5e87bad3c948f4d605d) (ScriptedImporter) -> (artifact id: 'e6cc815c511527700c210b914b127931') in 0.0022098 seconds
Number of updated asset objects reloaded before import = 0Number of asset objects unloaded after import = 1

========================================================================
Received Import Request.
  Time since last request: 0.000027 seconds.
  path: Assets/Class8th (Physics System)/GolfAssets/Textures/Bumpers
  artifactKey: Guid(9485490c760f60740abb48853ed3adbc) Importer(2089858483,b0f066a214c2f5e87bad3c948f4d605d)
Start importing Assets/Class8th (Physics System)/GolfAssets/Textures/Bumpers using Guid(9485490c760f60740abb48853ed3adbc) Importer(2089858483,b0f066a214c2f5e87bad3c948f4d605d) (ScriptedImporter) -> (artifact id: '2c1aa82b2c383d7f5648b2fc98218d74') in 0.0026801 seconds
Number of updated asset objects reloaded before import = 0Number of asset objects unloaded after import = 1

========================================================================
Received Import Request.
  Time since last request: 0.000018 seconds.
  path: Assets/Class8th (Physics System)/GolfAssets/Prefabs/InteractProps
  artifactKey: Guid(f9cb8b6981703a04c88c62dbe9b0f018) Importer(2089858483,b0f066a214c2f5e87bad3c948f4d605d)
Start importing Assets/Class8th (Physics System)/GolfAssets/Prefabs/InteractProps using Guid(f9cb8b6981703a04c88c62dbe9b0f018) Importer(2089858483,b0f066a214c2f5e87bad3c948f4d605d) (ScriptedImporter) -> (artifact id: 'da67f0fd62642886bf57cb85072559b9') in 0.0025799 seconds
Number of updated asset objects reloaded before import = 0Number of asset objects unloaded after import = 1

========================================================================
Received Import Request.
  Time since last request: 0.000024 seconds.
  path: Assets/Class8th (Physics System)/GolfAssets/Models/Level
  artifactKey: Guid(cccc47249b092474e87a90494a131460) Importer(2089858483,b0f066a214c2f5e87bad3c948f4d605d)
Start importing Assets/Class8th (Physics System)/GolfAssets/Models/Level using Guid(cccc47249b092474e87a90494a131460) Importer(2089858483,b0f066a214c2f5e87bad3c948f4d605d) (ScriptedImporter) -> (artifact id: 'c79cdd005e0ddc7a726c2612ae0282ff') in 0.0024923 seconds
Number of updated asset objects reloaded before import = 0Number of asset objects unloaded after import = 1

========================================================================
Received Import Request.
  Time since last request: 0.000030 seconds.
  path: Assets/Class8th (Physics System)/GolfAssets/Textures/CheckerBig.png
  artifactKey: Guid(c9bd5c674f4ccd940afd036dd2192888) Importer(2089858483,b0f066a214c2f5e87bad3c948f4d605d)
Start importing Assets/Class8th (Physics System)/GolfAssets/Textures/CheckerBig.png using Guid(c9bd5c674f4ccd940afd036dd2192888) Importer(2089858483,b0f066a214c2f5e87bad3c948f4d605d) (ScriptedImporter) -> (artifact id: 'bba3404b56a04cdb4a57a5ba47f6ccaf') in 0.0069547 seconds
Number of updated asset objects reloaded before import = 0Number of asset objects unloaded after import = 1

========================================================================
Received Import Request.
  Time since last request: 0.000036 seconds.
  path: Assets/Class8th (Physics System)/GolfAssets/Prefabs/InteractProps/Boost.prefab
  artifactKey: Guid(52c54b11448694c40bedee2b5df9b970) Importer(2089858483,b0f066a214c2f5e87bad3c948f4d605d)
Start importing Assets/Class8th (Physics System)/GolfAssets/Prefabs/InteractProps/Boost.prefab using Guid(52c54b11448694c40bedee2b5df9b970) Importer(2089858483,b0f066a214c2f5e87bad3c948f4d605d) (ScriptedImporter) -> (artifact id: '79e3bb860411d6c3ca20c787c1c9f83e') in 0.0076512 seconds
Number of updated asset objects reloaded before import = 0Number of asset objects unloaded after import = 15

========================================================================
Received Import Request.
  Time since last request: 0.000015 seconds.
  path: Assets/Class8th (Physics System)/GolfAssets/Prefabs/Level/D90Hole.prefab
  artifactKey: Guid(d083cbe67f0707b4f839377875d4dc75) Importer(2089858483,b0f066a214c2f5e87bad3c948f4d605d)
Start importing Assets/Class8th (Physics System)/GolfAssets/Prefabs/Level/D90Hole.prefab using Guid(d083cbe67f0707b4f839377875d4dc75) Importer(2089858483,b0f066a214c2f5e87bad3c948f4d605d) (ScriptedImporter) -> (artifact id: 'b0669b97e38b4298a3ff712bf2770ecc') in 0.0065959 seconds
Number of updated asset objects reloaded before import = 0Number of asset objects unloaded after import = 16

========================================================================
Received Import Request.
  Time since last request: 0.000020 seconds.
  path: Assets/Class8th (Physics System)/GolfAssets/Materials/ColorPicker 1.mat
  artifactKey: Guid(ec3f0f7687a394c4f9bf9fc8605f1c05) Importer(2089858483,b0f066a214c2f5e87bad3c948f4d605d)
Start importing Assets/Class8th (Physics System)/GolfAssets/Materials/ColorPicker 1.mat using Guid(ec3f0f7687a394c4f9bf9fc8605f1c05) Importer(2089858483,b0f066a214c2f5e87bad3c948f4d605d) (ScriptedImporter) -> (artifact id: '5971d7952cd3b76cc70bc4da7c7f9338') in 0.0042139 seconds
Number of updated asset objects reloaded before import = 0Number of asset objects unloaded after import = 1

========================================================================
Received Import Request.
  Time since last request: 0.178431 seconds.
  path: Assets/Class8th (Physics System)/GolfAssets/Textures/Pipes/1_DefaultMaterial_Normal.png
  artifactKey: Guid(a0f85d997b5641f41b324b103085faee) Importer(2089858483,b0f066a214c2f5e87bad3c948f4d605d)
Start importing Assets/Class8th (Physics System)/GolfAssets/Textures/Pipes/1_DefaultMaterial_Normal.png using Guid(a0f85d997b5641f41b324b103085faee) Importer(2089858483,b0f066a214c2f5e87bad3c948f4d605d) (ScriptedImporter) -> (artifact id: '038828551a2bd65fa2e25ad429e78e33') in 0.0069551 seconds
Number of updated asset objects reloaded before import = 0Number of asset objects unloaded after import = 1

========================================================================
Received Import Request.
  Time since last request: 0.000015 seconds.
  path: Assets/Class8th (Physics System)/GolfAssets/Materials/Glass.mat
  artifactKey: Guid(e10b8a5a8f0230c42940e8dce3193002) Importer(2089858483,b0f066a214c2f5e87bad3c948f4d605d)
Start importing Assets/Class8th (Physics System)/GolfAssets/Materials/Glass.mat using Guid(e10b8a5a8f0230c42940e8dce3193002) Importer(2089858483,b0f066a214c2f5e87bad3c948f4d605d) (ScriptedImporter) -> (artifact id: 'ca677229c2e8dc487ce887c096122d31') in 0.0047887 seconds
Number of updated asset objects reloaded before import = 0Number of asset objects unloaded after import = 2

========================================================================
Received Import Request.
  Time since last request: 0.000016 seconds.
  path: Assets/Class8th (Physics System)/GolfAssets/Textures/WindMill/1_DefaultMaterial_Normal.png
  artifactKey: Guid(6ea074fcf88837348bbf93da4a0734e4) Importer(2089858483,b0f066a214c2f5e87bad3c948f4d605d)
Start importing Assets/Class8th (Physics System)/GolfAssets/Textures/WindMill/1_DefaultMaterial_Normal.png using Guid(6ea074fcf88837348bbf93da4a0734e4) Importer(2089858483,b0f066a214c2f5e87bad3c948f4d605d) (ScriptedImporter) -> (artifact id: 'c358a7a79ff4e0722e51e8ae04362b64') in 0.0071786 seconds
Number of updated asset objects reloaded before import = 0Number of asset objects unloaded after import = 1

========================================================================
Received Import Request.
  Time since last request: 0.000029 seconds.
  path: Assets/Class8th (Physics System)/GolfAssets/UniversalRenderPipelineGlobalSettings.asset
  artifactKey: Guid(b20909cf6eb358e489e8c9a2ddaf1480) Importer(2089858483,b0f066a214c2f5e87bad3c948f4d605d)
Start importing Assets/Class8th (Physics System)/GolfAssets/UniversalRenderPipelineGlobalSettings.asset using Guid(b20909cf6eb358e489e8c9a2ddaf1480) Importer(2089858483,b0f066a214c2f5e87bad3c948f4d605d) (ScriptedImporter) -> (artifact id: 'b47dffbc4cdfc643a081cc10b9671121') in 0.0036692 seconds
Number of updated asset objects reloaded before import = 0Number of asset objects unloaded after import = 1

========================================================================
Received Import Request.
  Time since last request: 0.000019 seconds.
  path: Assets/Class8th (Physics System)/GolfAssets/Prefabs/InteractProps/FanBlade.prefab
  artifactKey: Guid(aa2092fa8c47618428e24461b7b93328) Importer(2089858483,b0f066a214c2f5e87bad3c948f4d605d)
Start importing Assets/Class8th (Physics System)/GolfAssets/Prefabs/InteractProps/FanBlade.prefab using Guid(aa2092fa8c47618428e24461b7b93328) Importer(2089858483,b0f066a214c2f5e87bad3c948f4d605d) (ScriptedImporter) -> (artifact id: 'b75e337d1e3f36b5f4412a9e05d2738f') in 0.0064415 seconds
Number of updated asset objects reloaded before import = 0Number of asset objects unloaded after import = 15

========================================================================
Received Import Request.
  Time since last request: 0.000017 seconds.
  path: Assets/Class8th (Physics System)/GolfAssets/Materials/Cosmetics/Grass.mat
  artifactKey: Guid(6ee8ceff90aaa8141a921bf5d9193c79) Importer(2089858483,b0f066a214c2f5e87bad3c948f4d605d)
Start importing Assets/Class8th (Physics System)/GolfAssets/Materials/Cosmetics/Grass.mat using Guid(6ee8ceff90aaa8141a921bf5d9193c79) Importer(2089858483,b0f066a214c2f5e87bad3c948f4d605d) (ScriptedImporter) -> (artifact id: '36db5cdfe6180ae2102bfe9b26e565ce') in 0.004371 seconds
Number of updated asset objects reloaded before import = 0Number of asset objects unloaded after import = 1

========================================================================
Received Import Request.
  Time since last request: 0.000045 seconds.
  path: Assets/Class8th (Physics System)/GolfAssets/Renderer_Renderer.asset
  artifactKey: Guid(d416008ef127c134e816a1e88fd31f71) Importer(2089858483,b0f066a214c2f5e87bad3c948f4d605d)
Start importing Assets/Class8th (Physics System)/GolfAssets/Renderer_Renderer.asset using Guid(d416008ef127c134e816a1e88fd31f71) Importer(2089858483,b0f066a214c2f5e87bad3c948f4d605d) (ScriptedImporter) -> (artifact id: 'd71c871d335af7f25d46152bbb8adb1c') in 0.0039851 seconds
Number of updated asset objects reloaded before import = 0Number of asset objects unloaded after import = 1

========================================================================
Received Import Request.
  Time since last request: 0.000019 seconds.
  path: Assets/Class8th (Physics System)/GolfAssets/Models/Pipes/Straight.fbx
  artifactKey: Guid(54b6403a6eeddb84286a8e02b61ac495) Importer(2089858483,b0f066a214c2f5e87bad3c948f4d605d)
Start importing Assets/Class8th (Physics System)/GolfAssets/Models/Pipes/Straight.fbx using Guid(54b6403a6eeddb84286a8e02b61ac495) Importer(2089858483,b0f066a214c2f5e87bad3c948f4d605d) (ScriptedImporter) -> (artifact id: '8167fe0f3aa1f5424ecc8434aca2c4f5') in 0.0104262 seconds
Number of updated asset objects reloaded before import = 0Number of asset objects unloaded after import = 7

========================================================================
Received Import Request.
  Time since last request: 0.000017 seconds.
  path: Assets/Class8th (Physics System)/GolfAssets/Models/BG/SkySphere.fbx
  artifactKey: Guid(48dd4e3dd473454428f098ae9a0f61a6) Importer(2089858483,b0f066a214c2f5e87bad3c948f4d605d)
Start importing Assets/Class8th (Physics System)/GolfAssets/Models/BG/SkySphere.fbx using Guid(48dd4e3dd473454428f098ae9a0f61a6) Importer(2089858483,b0f066a214c2f5e87bad3c948f4d605d) (ScriptedImporter) -> (artifact id: '223e3329a322338947e3f9c54fefc7f9') in 0.0096464 seconds
Number of updated asset objects reloaded before import = 0Number of asset objects unloaded after import = 7

========================================================================
Received Import Request.
  Time since last request: 0.000026 seconds.
  path: Assets/Class8th (Physics System)/GolfAssets/Materials/TransitionBaseColor.mat
  artifactKey: Guid(7b55066f1dacce34a9dae1e083c3ef2a) Importer(2089858483,b0f066a214c2f5e87bad3c948f4d605d)
Start importing Assets/Class8th (Physics System)/GolfAssets/Materials/TransitionBaseColor.mat using Guid(7b55066f1dacce34a9dae1e083c3ef2a) Importer(2089858483,b0f066a214c2f5e87bad3c948f4d605d) (ScriptedImporter) -> (artifact id: '9a9ee441fc5525ac039411ad68ef5a99') in 0.0045551 seconds
Number of updated asset objects reloaded before import = 0Number of asset objects unloaded after import = 1

========================================================================
Received Import Request.
  Time since last request: 0.000024 seconds.
  path: Assets/Class8th (Physics System)/GolfAssets/Prefabs/Level/EdgeBit.prefab
  artifactKey: Guid(59f5299e0015f584ba8da3c25dabad0e) Importer(2089858483,b0f066a214c2f5e87bad3c948f4d605d)
Start importing Assets/Class8th (Physics System)/GolfAssets/Prefabs/Level/EdgeBit.prefab using Guid(59f5299e0015f584ba8da3c25dabad0e) Importer(2089858483,b0f066a214c2f5e87bad3c948f4d605d) (ScriptedImporter) -> (artifact id: 'd2e1566b700145d1a8760df864d10bc8') in 0.009303 seconds
Number of updated asset objects reloaded before import = 0Number of asset objects unloaded after import = 15

========================================================================
Received Import Request.
  Time since last request: 0.000021 seconds.
  path: Assets/Class8th (Physics System)/GolfAssets/Materials/Cosmetics/Waves.mat
  artifactKey: Guid(b5dc728b1127c8c439e97c8fa79ecf63) Importer(2089858483,b0f066a214c2f5e87bad3c948f4d605d)
Start importing Assets/Class8th (Physics System)/GolfAssets/Materials/Cosmetics/Waves.mat using Guid(b5dc728b1127c8c439e97c8fa79ecf63) Importer(2089858483,b0f066a214c2f5e87bad3c948f4d605d) (ScriptedImporter) -> (artifact id: 'a28d56acfb965a5ef9668e4c3be048bd') in 0.0046368 seconds
Number of updated asset objects reloaded before import = 0Number of asset objects unloaded after import = 1

========================================================================
Received Import Request.
  Time since last request: 0.000015 seconds.
  path: Assets/Class8th (Physics System)/GolfAssets/Textures/Cosmetics/8ball/Sphere_DefaultMaterial_AlbedoTransparency.png
  artifactKey: Guid(f65e82ff3d19d3841be827a0fb59baa4) Importer(2089858483,b0f066a214c2f5e87bad3c948f4d605d)
Start importing Assets/Class8th (Physics System)/GolfAssets/Textures/Cosmetics/8ball/Sphere_DefaultMaterial_AlbedoTransparency.png using Guid(f65e82ff3d19d3841be827a0fb59baa4) Importer(2089858483,b0f066a214c2f5e87bad3c948f4d605d) (ScriptedImporter) -> (artifact id: 'ddee320cb3d7d86c4287b6b3e43003f6') in 0.0106961 seconds
Number of updated asset objects reloaded before import = 0Number of asset objects unloaded after import = 1

========================================================================
Received Import Request.
  Time since last request: 0.000040 seconds.
  path: Assets/Class8th (Physics System)/GolfAssets/Prefabs/Level/Sideshole.prefab
  artifactKey: Guid(bda3565a89cd92246bf155134b407f2b) Importer(2089858483,b0f066a214c2f5e87bad3c948f4d605d)
Start importing Assets/Class8th (Physics System)/GolfAssets/Prefabs/Level/Sideshole.prefab using Guid(bda3565a89cd92246bf155134b407f2b) Importer(2089858483,b0f066a214c2f5e87bad3c948f4d605d) (ScriptedImporter) -> (artifact id: '485e6d47c965778c87abf92fc919362e') in 0.0092716 seconds
Number of updated asset objects reloaded before import = 0Number of asset objects unloaded after import = 16

========================================================================
Received Import Request.
  Time since last request: 0.000027 seconds.
  path: Assets/Class8th (Physics System)/GolfAssets/Models/Flag.fbx
  artifactKey: Guid(a2b6d7db40c528645ad58b192365393f) Importer(2089858483,b0f066a214c2f5e87bad3c948f4d605d)
Start importing Assets/Class8th (Physics System)/GolfAssets/Models/Flag.fbx using Guid(a2b6d7db40c528645ad58b192365393f) Importer(2089858483,b0f066a214c2f5e87bad3c948f4d605d) (ScriptedImporter) -> (artifact id: '1c81daf4c7547079903d8c5398a1873b') in 0.0161197 seconds
Number of updated asset objects reloaded before import = 0Number of asset objects unloaded after import = 21

========================================================================
Received Import Request.
  Time since last request: 0.000018 seconds.
  path: Assets/Class8th (Physics System)/GolfAssets/Prefabs/InteractProps/Bounce.prefab
  artifactKey: Guid(2420ab9f71fd6f446bafdfc9d0a0e60f) Importer(2089858483,b0f066a214c2f5e87bad3c948f4d605d)
Start importing Assets/Class8th (Physics System)/GolfAssets/Prefabs/InteractProps/Bounce.prefab using Guid(2420ab9f71fd6f446bafdfc9d0a0e60f) Importer(2089858483,b0f066a214c2f5e87bad3c948f4d605d) (ScriptedImporter) -> (artifact id: 'cc3eb4df2c54339d2e662826b88cc3e9') in 0.0063084 seconds
Number of updated asset objects reloaded before import = 0Number of asset objects unloaded after import = 14

========================================================================
Received Import Request.
  Time since last request: 0.000015 seconds.
  path: Assets/Class8th (Physics System)/GolfAssets/Materials/WindmIillBase.mat
  artifactKey: Guid(c0f46f2be3dd893439f8671cee13d64b) Importer(2089858483,b0f066a214c2f5e87bad3c948f4d605d)
Start importing Assets/Class8th (Physics System)/GolfAssets/Materials/WindmIillBase.mat using Guid(c0f46f2be3dd893439f8671cee13d64b) Importer(2089858483,b0f066a214c2f5e87bad3c948f4d605d) (ScriptedImporter) -> (artifact id: '83a5ce489f11077f2a031ab38da11b1a') in 0.0047734 seconds
Number of updated asset objects reloaded before import = 0Number of asset objects unloaded after import = 1

========================================================================
Received Import Request.
  Time since last request: 0.000016 seconds.
  path: Assets/Class8th (Physics System)/GolfAssets/Prefabs/InteractProps/FanWind.prefab
  artifactKey: Guid(0746fe1fda08f104aaca5680daa146c8) Importer(2089858483,b0f066a214c2f5e87bad3c948f4d605d)
Start importing Assets/Class8th (Physics System)/GolfAssets/Prefabs/InteractProps/FanWind.prefab using Guid(0746fe1fda08f104aaca5680daa146c8) Importer(2089858483,b0f066a214c2f5e87bad3c948f4d605d) (ScriptedImporter) -> (artifact id: '4d427d9537fc9dd5e08a718fed5ea250') in 0.0044462 seconds
Number of updated asset objects reloaded before import = 0Number of asset objects unloaded after import = 10

========================================================================
Received Import Request.
  Time since last request: 0.000021 seconds.
  path: Assets/Class8th (Physics System)/GolfAssets/Models/Level/Part1/180.fbx
  artifactKey: Guid(7d77236cdfdedaf49a9e8b54557cb24d) Importer(2089858483,b0f066a214c2f5e87bad3c948f4d605d)
Start importing Assets/Class8th (Physics System)/GolfAssets/Models/Level/Part1/180.fbx using Guid(7d77236cdfdedaf49a9e8b54557cb24d) Importer(2089858483,b0f066a214c2f5e87bad3c948f4d605d) (ScriptedImporter) -> (artifact id: '84c2ed55ef1060b362672b61be82561e') in 0.0094004 seconds
Number of updated asset objects reloaded before import = 0Number of asset objects unloaded after import = 9

========================================================================
Received Import Request.
  Time since last request: 0.000020 seconds.
  path: Assets/Class8th (Physics System)/GolfAssets/Textures/Cosmetics/golf/Sphere_DefaultMaterial_Normal.png
  artifactKey: Guid(f3be471ba996f854a8cfd59f0bdf3dcb) Importer(2089858483,b0f066a214c2f5e87bad3c948f4d605d)
Start importing Assets/Class8th (Physics System)/GolfAssets/Textures/Cosmetics/golf/Sphere_DefaultMaterial_Normal.png using Guid(f3be471ba996f854a8cfd59f0bdf3dcb) Importer(2089858483,b0f066a214c2f5e87bad3c948f4d605d) (ScriptedImporter) -> (artifact id: '517523aaf84c7fdc62e93ed7b95fea2f') in 0.0082694 seconds
Number of updated asset objects reloaded before import = 0Number of asset objects unloaded after import = 1

========================================================================
Received Import Request.
  Time since last request: 0.000024 seconds.
  path: Assets/Class8th (Physics System)/GolfAssets/Models/Bumpers/Bumper.fbx
  artifactKey: Guid(60af87ea6ce0ac441a159dcd6b25b928) Importer(2089858483,b0f066a214c2f5e87bad3c948f4d605d)
Start importing Assets/Class8th (Physics System)/GolfAssets/Models/Bumpers/Bumper.fbx using Guid(60af87ea6ce0ac441a159dcd6b25b928) Importer(2089858483,b0f066a214c2f5e87bad3c948f4d605d) (ScriptedImporter) -> (artifact id: 'e442351617177aafc6f5a955220946c7') in 0.0086365 seconds
Number of updated asset objects reloaded before import = 0Number of asset objects unloaded after import = 7

========================================================================
Received Import Request.
  Time since last request: 0.000018 seconds.
  path: Assets/Class8th (Physics System)/GolfAssets/Textures/Hammer,Flag/1_DefaultMaterial_Normal.png
  artifactKey: Guid(60a3c79d40def9543a903d65c4418e03) Importer(2089858483,b0f066a214c2f5e87bad3c948f4d605d)
Start importing Assets/Class8th (Physics System)/GolfAssets/Textures/Hammer,Flag/1_DefaultMaterial_Normal.png using Guid(60a3c79d40def9543a903d65c4418e03) Importer(2089858483,b0f066a214c2f5e87bad3c948f4d605d) (ScriptedImporter) -> (artifact id: '4fa057f00aba589afa2275dc2cc12cb7') in 0.0083172 seconds
Number of updated asset objects reloaded before import = 0Number of asset objects unloaded after import = 1

========================================================================
Received Import Request.
  Time since last request: 0.000021 seconds.
  path: Assets/Class8th (Physics System)/GolfAssets/Textures/Cosmetics/golf/Sphere_DefaultMaterial_AlbedoTransparency.png
  artifactKey: Guid(8e429d7f9a33fb64bacaf6776e9e8cf2) Importer(2089858483,b0f066a214c2f5e87bad3c948f4d605d)
Start importing Assets/Class8th (Physics System)/GolfAssets/Textures/Cosmetics/golf/Sphere_DefaultMaterial_AlbedoTransparency.png using Guid(8e429d7f9a33fb64bacaf6776e9e8cf2) Importer(2089858483,b0f066a214c2f5e87bad3c948f4d605d) (ScriptedImporter) -> (artifact id: '59d1b5ca54f92c9fbb9b5c4cb53b68ce') in 0.007886 seconds
Number of updated asset objects reloaded before import = 0Number of asset objects unloaded after import = 1

========================================================================
Received Import Request.
  Time since last request: 0.000041 seconds.
  path: Assets/Class8th (Physics System)/GolfAssets/Materials/CloudColr.mat
  artifactKey: Guid(019f4f1f790ac66469981300343e8ba3) Importer(2089858483,b0f066a214c2f5e87bad3c948f4d605d)
Start importing Assets/Class8th (Physics System)/GolfAssets/Materials/CloudColr.mat using Guid(019f4f1f790ac66469981300343e8ba3) Importer(2089858483,b0f066a214c2f5e87bad3c948f4d605d) (ScriptedImporter) -> (artifact id: '124187d23520c221c827d6d24bc578ce') in 0.0045051 seconds
Number of updated asset objects reloaded before import = 0Number of asset objects unloaded after import = 1

========================================================================
Received Import Request.
  Time since last request: 0.000019 seconds.
  path: Assets/Class8th (Physics System)/GolfAssets/Models/Level/Part1/DownHill.fbx
  artifactKey: Guid(5ade7cff89359ee4dbed68f149b42c61) Importer(2089858483,b0f066a214c2f5e87bad3c948f4d605d)
Start importing Assets/Class8th (Physics System)/GolfAssets/Models/Level/Part1/DownHill.fbx using Guid(5ade7cff89359ee4dbed68f149b42c61) Importer(2089858483,b0f066a214c2f5e87bad3c948f4d605d) (ScriptedImporter) -> (artifact id: 'efec11545928a075fc3dfd58b9539f8f') in 0.0121361 seconds
Number of updated asset objects reloaded before import = 0Number of asset objects unloaded after import = 9

========================================================================
Received Import Request.
  Time since last request: 0.000016 seconds.
  path: Assets/Class8th (Physics System)/GolfAssets/Prefabs/Level/Side.prefab
  artifactKey: Guid(c703067f8537c10458b2b6e226eda9d9) Importer(2089858483,b0f066a214c2f5e87bad3c948f4d605d)
Start importing Assets/Class8th (Physics System)/GolfAssets/Prefabs/Level/Side.prefab using Guid(c703067f8537c10458b2b6e226eda9d9) Importer(2089858483,b0f066a214c2f5e87bad3c948f4d605d) (ScriptedImporter) -> (artifact id: 'ca820e4d2c9c6d95ab3343ddb6216c53') in 0.0086385 seconds
Number of updated asset objects reloaded before import = 0Number of asset objects unloaded after import = 16

========================================================================
Received Import Request.
  Time since last request: 0.000018 seconds.
  path: Assets/Class8th (Physics System)/GolfAssets/Materials/TransitionOutline.mat
  artifactKey: Guid(464e79ffec29407499167f1863a3c88d) Importer(2089858483,b0f066a214c2f5e87bad3c948f4d605d)
Start importing Assets/Class8th (Physics System)/GolfAssets/Materials/TransitionOutline.mat using Guid(464e79ffec29407499167f1863a3c88d) Importer(2089858483,b0f066a214c2f5e87bad3c948f4d605d) (ScriptedImporter) -> (artifact id: '474dbb518f66c6cf4833b8ea61ad4f4b') in 0.0036925 seconds
Number of updated asset objects reloaded before import = 0Number of asset objects unloaded after import = 1

========================================================================
Received Import Request.
  Time since last request: 0.000028 seconds.
  path: Assets/Class8th (Physics System)/GolfAssets/Models/Level/Part1/FullSquare.fbx
  artifactKey: Guid(22e396fd49cd80847be533f78a4cc434) Importer(2089858483,b0f066a214c2f5e87bad3c948f4d605d)
Start importing Assets/Class8th (Physics System)/GolfAssets/Models/Level/Part1/FullSquare.fbx using Guid(22e396fd49cd80847be533f78a4cc434) Importer(2089858483,b0f066a214c2f5e87bad3c948f4d605d) (ScriptedImporter) -> (artifact id: '6a577ed48900d89310171b8e6a39bf44') in 0.0093316 seconds
Number of updated asset objects reloaded before import = 0Number of asset objects unloaded after import = 9

========================================================================
Received Import Request.
  Time since last request: 0.000016 seconds.
  path: Assets/Class8th (Physics System)/GolfAssets/Prefabs/InteractProps/FanBase.prefab
  artifactKey: Guid(da95e4ed54947dd428bbcc4cdf938523) Importer(2089858483,b0f066a214c2f5e87bad3c948f4d605d)
Start importing Assets/Class8th (Physics System)/GolfAssets/Prefabs/InteractProps/FanBase.prefab using Guid(da95e4ed54947dd428bbcc4cdf938523) Importer(2089858483,b0f066a214c2f5e87bad3c948f4d605d) (ScriptedImporter) -> (artifact id: '94fc58a879c784a93e19d54a3773bd36') in 0.0066965 seconds
Number of updated asset objects reloaded before import = 0Number of asset objects unloaded after import = 15

========================================================================
Received Import Request.
  Time since last request: 0.000016 seconds.
  path: Assets/Class8th (Physics System)/GolfAssets/Materials/Cosmetics/8ball.mat
  artifactKey: Guid(8312163c96502854aac06bd368093d07) Importer(2089858483,b0f066a214c2f5e87bad3c948f4d605d)
Start importing Assets/Class8th (Physics System)/GolfAssets/Materials/Cosmetics/8ball.mat using Guid(8312163c96502854aac06bd368093d07) Importer(2089858483,b0f066a214c2f5e87bad3c948f4d605d) (ScriptedImporter) -> (artifact id: '7643a61c47d87f3ef53c7dbb8bef2a2b') in 0.0043269 seconds
Number of updated asset objects reloaded before import = 0Number of asset objects unloaded after import = 1

========================================================================
Received Import Request.
  Time since last request: 3.753844 seconds.
  path: Assets/Class8th (Physics System)/GolfAssets/Materials/Checker.mat
  artifactKey: Guid(7e5416e01220b99449642aa7273d280d) Importer(815301076,1909f56bfc062723c751e8b465ee728b)
Start importing Assets/Class8th (Physics System)/GolfAssets/Materials/Checker.mat using Guid(7e5416e01220b99449642aa7273d280d) Importer(815301076,1909f56bfc062723c751e8b465ee728b) (PreviewImporter) -> (artifact id: '004208ce5fde9f23579d016467a7319d') in 0.0713656 seconds
Number of updated asset objects reloaded before import = 0Number of asset objects unloaded after import = 3

========================================================================
Received Import Request.
  Time since last request: 0.000017 seconds.
  path: Assets/Class8th (Physics System)/GolfAssets/Materials/ColorPicker.mat
  artifactKey: Guid(ff15b73cd5e069c4db286a8da49ce702) Importer(815301076,1909f56bfc062723c751e8b465ee728b)
Start importing Assets/Class8th (Physics System)/GolfAssets/Materials/ColorPicker.mat using Guid(ff15b73cd5e069c4db286a8da49ce702) Importer(815301076,1909f56bfc062723c751e8b465ee728b) (PreviewImporter) -> (artifact id: 'ad5b5e6f449599d7753b1964a163f70a') in 0.0071016 seconds
Number of updated asset objects reloaded before import = 0Number of asset objects unloaded after import = 2

========================================================================
Received Import Request.
  Time since last request: 0.000012 seconds.
  path: Assets/Class8th (Physics System)/GolfAssets/Materials/Glass.mat
  artifactKey: Guid(e10b8a5a8f0230c42940e8dce3193002) Importer(815301076,1909f56bfc062723c751e8b465ee728b)
Start importing Assets/Class8th (Physics System)/GolfAssets/Materials/Glass.mat using Guid(e10b8a5a8f0230c42940e8dce3193002) Importer(815301076,1909f56bfc062723c751e8b465ee728b) (PreviewImporter) -> (artifact id: '0d0a21526473ae3087d3518171bdabfe') in 0.0142008 seconds
Number of updated asset objects reloaded before import = 0Number of asset objects unloaded after import = 2

========================================================================
Received Import Request.
  Time since last request: 0.000018 seconds.
  path: Assets/Class8th (Physics System)/GolfAssets/Materials/WindMillFans.mat
  artifactKey: Guid(76a29bbece50ad540b524a337bac3111) Importer(815301076,1909f56bfc062723c751e8b465ee728b)
Start importing Assets/Class8th (Physics System)/GolfAssets/Materials/WindMillFans.mat using Guid(76a29bbece50ad540b524a337bac3111) Importer(815301076,1909f56bfc062723c751e8b465ee728b) (PreviewImporter) -> (artifact id: '8dc8ba1a6d95d467c8f8e75fe089e47d') in 0.0295914 seconds
Number of updated asset objects reloaded before import = 0Number of asset objects unloaded after import = 3

========================================================================
Received Import Request.
  Time since last request: 0.000020 seconds.
  path: Assets/Class8th (Physics System)/GolfAssets/Materials/CloudColr.mat
  artifactKey: Guid(019f4f1f790ac66469981300343e8ba3) Importer(815301076,1909f56bfc062723c751e8b465ee728b)
Start importing Assets/Class8th (Physics System)/GolfAssets/Materials/CloudColr.mat using Guid(019f4f1f790ac66469981300343e8ba3) Importer(815301076,1909f56bfc062723c751e8b465ee728b) (PreviewImporter) -> (artifact id: '0c965a96d2b96603ff4d1e614092537d') in 0.0056758 seconds
Number of updated asset objects reloaded before import = 0Number of asset objects unloaded after import = 1

========================================================================
Received Import Request.
  Time since last request: 0.000023 seconds.
  path: Assets/Class8th (Physics System)/GolfAssets/Materials/FrogPortals.mat
  artifactKey: Guid(f06b24829cc283043a0e14734a73dd4d) Importer(815301076,1909f56bfc062723c751e8b465ee728b)
Start importing Assets/Class8th (Physics System)/GolfAssets/Materials/FrogPortals.mat using Guid(f06b24829cc283043a0e14734a73dd4d) Importer(815301076,1909f56bfc062723c751e8b465ee728b) (PreviewImporter) -> (artifact id: '49441468562409f41f980b35bb909839') in 0.0473019 seconds
Number of updated asset objects reloaded before import = 0Number of asset objects unloaded after import = 4

========================================================================
Received Import Request.
  Time since last request: 24.548114 seconds.
  path: Assets/Class8th (Physics System)/GolfAssets/Settings/Low_PipelineAsset.asset
  artifactKey: Guid(1122bf35af95890459b869c7176d7b1e) Importer(815301076,1909f56bfc062723c751e8b465ee728b)
Start importing Assets/Class8th (Physics System)/GolfAssets/Settings/Low_PipelineAsset.asset using Guid(1122bf35af95890459b869c7176d7b1e) Importer(815301076,1909f56bfc062723c751e8b465ee728b) (PreviewImporter) -> (artifact id: '991578f257cb2652d96afa59c2876245') in 0.001035 seconds
Number of updated asset objects reloaded before import = 0Number of asset objects unloaded after import = 1

========================================================================
Received Import Request.
  Time since last request: 0.000012 seconds.
  path: Assets/Class8th (Physics System)/GolfAssets/Settings/Medium_PipelineAsset_ForwardRenderer.asset
  artifactKey: Guid(3b4a08620a9e67248b9c60bf2be02041) Importer(815301076,1909f56bfc062723c751e8b465ee728b)
Start importing Assets/Class8th (Physics System)/GolfAssets/Settings/Medium_PipelineAsset_ForwardRenderer.asset using Guid(3b4a08620a9e67248b9c60bf2be02041) Importer(815301076,1909f56bfc062723c751e8b465ee728b) (PreviewImporter) -> (artifact id: '3e243b72bd33edad515772f9a2ca4b37') in 0.0012664 seconds
Number of updated asset objects reloaded before import = 0Number of asset objects unloaded after import = 1

========================================================================
Received Import Request.
  Time since last request: 0.000014 seconds.
  path: Assets/Class8th (Physics System)/GolfAssets/Settings/Very High_PipelineAsset.asset
  artifactKey: Guid(e23d6755c8fd37f498d8d3d5d2a2d7b4) Importer(815301076,1909f56bfc062723c751e8b465ee728b)
Start importing Assets/Class8th (Physics System)/GolfAssets/Settings/Very High_PipelineAsset.asset using Guid(e23d6755c8fd37f498d8d3d5d2a2d7b4) Importer(815301076,1909f56bfc062723c751e8b465ee728b) (PreviewImporter) -> (artifact id: '320d16606a638f43138a9cd0faeba28a') in 0.0012503 seconds
Number of updated asset objects reloaded before import = 0Number of asset objects unloaded after import = 1

========================================================================
Received Import Request.
  Time since last request: 0.000016 seconds.
  path: Assets/Class8th (Physics System)/GolfAssets/Settings/Very Low_PipelineAsset_ForwardRenderer.asset
  artifactKey: Guid(aebad1f347dfe6d44959df1f3c07dc76) Importer(815301076,1909f56bfc062723c751e8b465ee728b)
Start importing Assets/Class8th (Physics System)/GolfAssets/Settings/Very Low_PipelineAsset_ForwardRenderer.asset using Guid(aebad1f347dfe6d44959df1f3c07dc76) Importer(815301076,1909f56bfc062723c751e8b465ee728b) (PreviewImporter) -> (artifact id: '5c8d2a592333f859e2f18b4e1447f892') in 0.0012752 seconds
Number of updated asset objects reloaded before import = 0Number of asset objects unloaded after import = 1

========================================================================
Received Import Request.
  Time since last request: 11.149688 seconds.
  path: Assets/Class8th (Physics System)/GolfAssets/Materials/Cosmetics/GolfBall.mat
  artifactKey: Guid(61b2cbcbc7214c04cbd8532e98166027) Importer(815301076,1909f56bfc062723c751e8b465ee728b)
Start importing Assets/Class8th (Physics System)/GolfAssets/Materials/Cosmetics/GolfBall.mat using Guid(61b2cbcbc7214c04cbd8532e98166027) Importer(815301076,1909f56bfc062723c751e8b465ee728b) (PreviewImporter) -> (artifact id: 'a32c501e5fcfa86c36b1ce210a157f22') in 0.0060655 seconds
Number of updated asset objects reloaded before import = 0Number of asset objects unloaded after import = 3

========================================================================
Received Import Request.
  Time since last request: 0.000011 seconds.
  path: Assets/Class8th (Physics System)/GolfAssets/Materials/Cosmetics/Grass.mat
  artifactKey: Guid(6ee8ceff90aaa8141a921bf5d9193c79) Importer(815301076,1909f56bfc062723c751e8b465ee728b)
Start importing Assets/Class8th (Physics System)/GolfAssets/Materials/Cosmetics/Grass.mat using Guid(6ee8ceff90aaa8141a921bf5d9193c79) Importer(815301076,1909f56bfc062723c751e8b465ee728b) (PreviewImporter) -> (artifact id: '12454a062c1e7240ebd4f15f322051f6') in 0.0234404 seconds
Number of updated asset objects reloaded before import = 0Number of asset objects unloaded after import = 2

========================================================================
Received Import Request.
  Time since last request: 0.000012 seconds.
  path: Assets/Class8th (Physics System)/GolfAssets/Materials/Cosmetics/Waves.mat
  artifactKey: Guid(b5dc728b1127c8c439e97c8fa79ecf63) Importer(815301076,1909f56bfc062723c751e8b465ee728b)
Start importing Assets/Class8th (Physics System)/GolfAssets/Materials/Cosmetics/Waves.mat using Guid(b5dc728b1127c8c439e97c8fa79ecf63) Importer(815301076,1909f56bfc062723c751e8b465ee728b) (PreviewImporter) -> (artifact id: 'b4664c8c6eded19dd44db96afd2482bf') in 0.043904 seconds
Number of updated asset objects reloaded before import = 0Number of asset objects unloaded after import = 2

========================================================================
Received Import Request.
  Time since last request: 54.740195 seconds.
  path: Assets/Class8th (Physics System)/GolfAssets/Textures/CheckerRandom2.png
  artifactKey: Guid(8d7d817c049c940479a5a3ffbda46cb3) Importer(815301076,1909f56bfc062723c751e8b465ee728b)
Start importing Assets/Class8th (Physics System)/GolfAssets/Textures/CheckerRandom2.png using Guid(8d7d817c049c940479a5a3ffbda46cb3) Importer(815301076,1909f56bfc062723c751e8b465ee728b) (PreviewImporter) -> (artifact id: '61c5accb36cd95f7f1f8296c9736b76b') in 0.0721613 seconds
Number of updated asset objects reloaded before import = 0Number of asset objects unloaded after import = 2

========================================================================
Received Import Request.
  Time since last request: 0.000020 seconds.
  path: Assets/Class8th (Physics System)/GolfAssets/Textures/CheckerSmall.png
  artifactKey: Guid(8f5d3c639e3be824dbfcbe027f51f0f4) Importer(815301076,1909f56bfc062723c751e8b465ee728b)
Start importing Assets/Class8th (Physics System)/GolfAssets/Textures/CheckerSmall.png using Guid(8f5d3c639e3be824dbfcbe027f51f0f4) Importer(815301076,1909f56bfc062723c751e8b465ee728b) (PreviewImporter) -> (artifact id: 'e5fc0ca66eaf47634cd2f1f5b8c7dc77') in 0.1240539 seconds
Number of updated asset objects reloaded before import = 0Number of asset objects unloaded after import = 2

========================================================================
Received Import Request.
  Time since last request: 20.146075 seconds.
  path: Assets/Class8th (Physics System)/GolfAssets/Prefabs/Pipes/PipeTurn.prefab
  artifactKey: Guid(b48b301a3dffd6740aeadf7259b6eeb5) Importer(815301076,1909f56bfc062723c751e8b465ee728b)
Start importing Assets/Class8th (Physics System)/GolfAssets/Prefabs/Pipes/PipeTurn.prefab using Guid(b48b301a3dffd6740aeadf7259b6eeb5) Importer(815301076,1909f56bfc062723c751e8b465ee728b) (PreviewImporter) -> (artifact id: '69c349030e0ac2a75eb399209f9a2ce9') in 0.0234463 seconds
Number of updated asset objects reloaded before import = 0Number of asset objects unloaded after import = 17

========================================================================
Received Import Request.
  Time since last request: 4.275610 seconds.
  path: Assets/Class8th (Physics System)/GolfAssets/Prefabs/Level/90hole.prefab
  artifactKey: Guid(a1cda437413b1434ba7f0f45169c0a2d) Importer(815301076,1909f56bfc062723c751e8b465ee728b)
Start importing Assets/Class8th (Physics System)/GolfAssets/Prefabs/Level/90hole.prefab using Guid(a1cda437413b1434ba7f0f45169c0a2d) Importer(815301076,1909f56bfc062723c751e8b465ee728b) (PreviewImporter) -> (artifact id: 'c2ea6b5dc20014c02e7c4a7b1a3f4d9c') in 0.009986 seconds
Number of updated asset objects reloaded before import = 0Number of asset objects unloaded after import = 22

========================================================================
Received Import Request.
  Time since last request: 0.000015 seconds.
  path: Assets/Class8th (Physics System)/GolfAssets/Prefabs/Level/Turn.prefab
  artifactKey: Guid(1998c21e38ccd7c469ef87eb37027db7) Importer(815301076,1909f56bfc062723c751e8b465ee728b)
Start importing Assets/Class8th (Physics System)/GolfAssets/Prefabs/Level/Turn.prefab using Guid(1998c21e38ccd7c469ef87eb37027db7) Importer(815301076,1909f56bfc062723c751e8b465ee728b) (PreviewImporter) -> (artifact id: '22070e162379e40519a601183f8ed5ad') in 0.014085 seconds
Number of updated asset objects reloaded before import = 0Number of asset objects unloaded after import = 22

========================================================================
Received Import Request.
  Time since last request: 0.000012 seconds.
  path: Assets/Class8th (Physics System)/GolfAssets/Prefabs/Level/D90Hole.prefab
  artifactKey: Guid(d083cbe67f0707b4f839377875d4dc75) Importer(815301076,1909f56bfc062723c751e8b465ee728b)
Start importing Assets/Class8th (Physics System)/GolfAssets/Prefabs/Level/D90Hole.prefab using Guid(d083cbe67f0707b4f839377875d4dc75) Importer(815301076,1909f56bfc062723c751e8b465ee728b) (PreviewImporter) -> (artifact id: '4828157b55183bf94d45f5cc0e61e462') in 0.1398652 seconds
Number of updated asset objects reloaded before import = 0Number of asset objects unloaded after import = 22

========================================================================
Received Import Request.
  Time since last request: 0.000015 seconds.
  path: Assets/Class8th (Physics System)/GolfAssets/Prefabs/Level/Sides.prefab
  artifactKey: Guid(07965f88790b1a1459b5f42b85a2d6e2) Importer(815301076,1909f56bfc062723c751e8b465ee728b)
Start importing Assets/Class8th (Physics System)/GolfAssets/Prefabs/Level/Sides.prefab using Guid(07965f88790b1a1459b5f42b85a2d6e2) Importer(815301076,1909f56bfc062723c751e8b465ee728b) (PreviewImporter) -> (artifact id: '604d5ccccc661c3aead4ad90dc81442d') in 0.0078906 seconds
Number of updated asset objects reloaded before import = 0Number of asset objects unloaded after import = 22

========================================================================
Received Import Request.
  Time since last request: 0.000021 seconds.
  path: Assets/Class8th (Physics System)/GolfAssets/Prefabs/Level/Sideshole.prefab
  artifactKey: Guid(bda3565a89cd92246bf155134b407f2b) Importer(815301076,1909f56bfc062723c751e8b465ee728b)
Start importing Assets/Class8th (Physics System)/GolfAssets/Prefabs/Level/Sideshole.prefab using Guid(bda3565a89cd92246bf155134b407f2b) Importer(815301076,1909f56bfc062723c751e8b465ee728b) (PreviewImporter) -> (artifact id: '297c02a8bae26438a1eb26b6ac57f5ab') in 0.0097018 seconds
Number of updated asset objects reloaded before import = 0Number of asset objects unloaded after import = 22

========================================================================
Received Import Request.
  Time since last request: 0.000021 seconds.
  path: Assets/Class8th (Physics System)/GolfAssets/Prefabs/Level/RampFull.prefab
  artifactKey: Guid(ab45800b9b57d094dbdd692b4b499369) Importer(815301076,1909f56bfc062723c751e8b465ee728b)
Start importing Assets/Class8th (Physics System)/GolfAssets/Prefabs/Level/RampFull.prefab using Guid(ab45800b9b57d094dbdd692b4b499369) Importer(815301076,1909f56bfc062723c751e8b465ee728b) (PreviewImporter) -> (artifact id: 'd4a58de33cd36ccf995ca94b190e0911') in 0.0082564 seconds
Number of updated asset objects reloaded before import = 0Number of asset objects unloaded after import = 22

========================================================================
Received Import Request.
  Time since last request: 0.000019 seconds.
  path: Assets/Class8th (Physics System)/GolfAssets/Prefabs/Level/Norails.prefab
  artifactKey: Guid(0e5b43409606cc54c994716deef95891) Importer(815301076,1909f56bfc062723c751e8b465ee728b)
Start importing Assets/Class8th (Physics System)/GolfAssets/Prefabs/Level/Norails.prefab using Guid(0e5b43409606cc54c994716deef95891) Importer(815301076,1909f56bfc062723c751e8b465ee728b) (PreviewImporter) -> (artifact id: 'baa88e20535eedc42f3bbfd68dbfc68d') in 0.0081765 seconds
Number of updated asset objects reloaded before import = 0Number of asset objects unloaded after import = 22

========================================================================
Received Import Request.
  Time since last request: 0.000021 seconds.
  path: Assets/Class8th (Physics System)/GolfAssets/Prefabs/Level/180.prefab
  artifactKey: Guid(ff9a952a3dff05042977c0b29fb7ad2a) Importer(815301076,1909f56bfc062723c751e8b465ee728b)
Start importing Assets/Class8th (Physics System)/GolfAssets/Prefabs/Level/180.prefab using Guid(ff9a952a3dff05042977c0b29fb7ad2a) Importer(815301076,1909f56bfc062723c751e8b465ee728b) (PreviewImporter) -> (artifact id: '0e363a03a88dfed7cda8507b6c99f438') in 0.0076444 seconds
Number of updated asset objects reloaded before import = 0Number of asset objects unloaded after import = 22

Editor requested this worker to shutdown with reason: Scaling down because of idle timeout
AssetImportWorker is now disconnected from the server
Process exiting
Exiting without the bug reporter. Application will terminate with return code 0